<!doctype html public "-//w3c//dtd html 4.0 transitional//en">
<html><head>
<title>Static Call Graph - [..\..\Output\流水灯.axf]</title></head>
<body><HR>
<H1>Static Call Graph for image ..\..\Output\流水灯.axf</H1><HR>
<BR><P>#&#060CALLGRAPH&#062# ARM Linker, 5060960: Last Updated: Sat Nov 12 22:05:58 2022
<BR><P>
<H3>Maximum Stack Usage =        984 bytes + Unknown(Functions without stacksize, Cycles, Untraceable Function Pointers)</H3><H3>
Call chain for Maximum Stack Depth:</H3>
AppTaskShot &rArr; f_open &rArr; dir_register &rArr; dir_find &rArr; dir_next &rArr; create_chain &rArr; put_fat &rArr; move_window &rArr; sync_window &rArr; disk_write &rArr; TM_FATFS_FLASH_SPI_disk_write &rArr; SPI_FLASH_BufferWrite &rArr; SPI_FLASH_PageWrite &rArr; SPI_FLASH_WaitForWriteEnd &rArr; SPI_FLASH_SendByte &rArr; SPI_TIMEOUT_UserCallback &rArr; __2printf
<P>
<H3>
Functions with no stack information
</H3><UL>
 <LI><a href="#[4e2]">CPU_IntDis</a>
 <LI><a href="#[4e3]">CPU_IntEn</a>
 <LI><a href="#[355]">CPU_SR_Save</a>
 <LI><a href="#[356]">CPU_SR_Restore</a>
 <LI><a href="#[4e4]">CPU_WaitForInt</a>
 <LI><a href="#[4e5]">CPU_WaitForExcept</a>
 <LI><a href="#[380]">CPU_CntLeadZeros</a>
 <LI><a href="#[4e6]">CPU_CntTrailZeros</a>
 <LI><a href="#[4e7]">CPU_RevBits</a>
 <LI><a href="#[35e]">OSStartHighRdy</a>
 <LI><a href="#[31]">OS_CPU_PendSVHandler</a>
</UL>
</UL>
<P>
<H3>
Mutually Recursive functions
</H3> <LI><a href="#[45]">ADC1_2_IRQHandler</a>&nbsp;&nbsp;&nbsp;&rArr;&nbsp;&nbsp;&nbsp;<a href="#[45]">ADC1_2_IRQHandler</a><BR>
 <LI><a href="#[487]">_Findy1</a>&nbsp;&nbsp;&nbsp;&rArr;&nbsp;&nbsp;&nbsp;<a href="#[487]">_Findy1</a><BR>
 <LI><a href="#[489]">_Findx1</a>&nbsp;&nbsp;&nbsp;&rArr;&nbsp;&nbsp;&nbsp;<a href="#[489]">_Findx1</a><BR>
 <LI><a href="#[488]">_Findx0</a>&nbsp;&nbsp;&nbsp;&rArr;&nbsp;&nbsp;&nbsp;<a href="#[488]">_Findx0</a><BR>
 <LI><a href="#[442]">WM__InvalidateRect</a>&nbsp;&nbsp;&nbsp;&rArr;&nbsp;&nbsp;&nbsp;<a href="#[442]">WM__InvalidateRect</a><BR>
 <LI><a href="#[427]">WM_InvalidateWindowAndDescsEx</a>&nbsp;&nbsp;&nbsp;&rArr;&nbsp;&nbsp;&nbsp;<a href="#[427]">WM_InvalidateWindowAndDescsEx</a><BR>
 <LI><a href="#[422]">WM__InvalidateDrawAndDescs</a>&nbsp;&nbsp;&nbsp;&rArr;&nbsp;&nbsp;&nbsp;<a href="#[422]">WM__InvalidateDrawAndDescs</a><BR>
 <LI><a href="#[2d]">BusFault_Handler</a>&nbsp;&nbsp;&nbsp;&rArr;&nbsp;&nbsp;&nbsp;<a href="#[2d]">BusFault_Handler</a><BR>
 <LI><a href="#[454]">_PopFreeBlock</a>&nbsp;&nbsp;&nbsp;&rArr;&nbsp;&nbsp;&nbsp;<a href="#[483]">_EnlargeBlocks</a><BR>
 <LI><a href="#[21b]">_Alloc</a>&nbsp;&nbsp;&nbsp;&rArr;&nbsp;&nbsp;&nbsp;<a href="#[221]">_InitOnce</a><BR>
 <LI><a href="#[3fc]">WM_SendToParent</a>&nbsp;&nbsp;&nbsp;&rArr;&nbsp;&nbsp;&nbsp;<a href="#[42b]">WM__SendMessage</a><BR>
 <LI><a href="#[3e3]">WM__UpdateChildPositions</a>&nbsp;&nbsp;&nbsp;&rArr;&nbsp;&nbsp;&nbsp;<a href="#[42d]">WM_ResizeWindow</a><BR>
 <LI><a href="#[444]">_MoveDescendents</a>&nbsp;&nbsp;&nbsp;&rArr;&nbsp;&nbsp;&nbsp;<a href="#[444]">_MoveDescendents</a><BR>
 <LI><a href="#[412]">_GetDialogItem</a>&nbsp;&nbsp;&nbsp;&rArr;&nbsp;&nbsp;&nbsp;<a href="#[412]">_GetDialogItem</a><BR>
 <LI><a href="#[408]">WM__ForEachDesc</a>&nbsp;&nbsp;&nbsp;&rArr;&nbsp;&nbsp;&nbsp;<a href="#[408]">WM__ForEachDesc</a><BR>
 <LI><a href="#[40b]">_GetDialogItem</a>&nbsp;&nbsp;&nbsp;&rArr;&nbsp;&nbsp;&nbsp;<a href="#[40b]">_GetDialogItem</a><BR>
 <LI><a href="#[2c]">MemManage_Handler</a>&nbsp;&nbsp;&nbsp;&rArr;&nbsp;&nbsp;&nbsp;<a href="#[2c]">MemManage_Handler</a><BR>
 <LI><a href="#[2e]">UsageFault_Handler</a>&nbsp;&nbsp;&nbsp;&rArr;&nbsp;&nbsp;&nbsp;<a href="#[2e]">UsageFault_Handler</a><BR>
 <LI><a href="#[4a4]">_Screen2hWin</a>&nbsp;&nbsp;&nbsp;&rArr;&nbsp;&nbsp;&nbsp;<a href="#[4a4]">_Screen2hWin</a><BR>
 <LI><a href="#[402]">_DeleteAllChildren</a>&nbsp;&nbsp;&nbsp;&rArr;&nbsp;&nbsp;&nbsp;<a href="#[3fe]">WM_DeleteWindow</a><BR>
 <LI><a href="#[448]">_PaintTransChildren</a>&nbsp;&nbsp;&nbsp;&rArr;&nbsp;&nbsp;&nbsp;<a href="#[448]">_PaintTransChildren</a><BR>
</UL>
<P>
<H3>
Function Pointers
</H3><UL>
 <LI><a href="#[45]">ADC1_2_IRQHandler</a> from startup_stm32f10x_hd.o(.text) referenced from startup_stm32f10x_hd.o(RESET)
 <LI><a href="#[62]">ADC3_IRQHandler</a> from startup_stm32f10x_hd.o(.text) referenced from startup_stm32f10x_hd.o(RESET)
 <LI><a href="#[76]">AppTaskShot</a> from main.o(i.AppTaskShot) referenced from main.o(i.AppTaskCreate)
 <LI><a href="#[db]">AppTaskStart</a> from main.o(i.AppTaskStart) referenced from main.o(i.main)
 <LI><a href="#[75]">AppTaskUpdate</a> from main.o(i.AppTaskUpdate) referenced from main.o(i.AppTaskCreate)
 <LI><a href="#[77]">AppTaskUserapp</a> from main.o(i.AppTaskUserapp) referenced from main.o(i.AppTaskCreate)
 <LI><a href="#[aa]">BUTTON_DrawSkinFlex</a> from button_skinflex.o(i.BUTTON_DrawSkinFlex) referenced from app.o(i.UserAPP)
 <LI><a href="#[2d]">BusFault_Handler</a> from stm32f10x_it.o(i.BusFault_Handler) referenced from startup_stm32f10x_hd.o(RESET)
 <LI><a href="#[48]">CAN1_RX1_IRQHandler</a> from startup_stm32f10x_hd.o(.text) referenced from startup_stm32f10x_hd.o(RESET)
 <LI><a href="#[49]">CAN1_SCE_IRQHandler</a> from startup_stm32f10x_hd.o(.text) referenced from startup_stm32f10x_hd.o(RESET)
 <LI><a href="#[ab]">CHECKBOX_DrawSkinFlex</a> from checkbox_skinflex.o(i.CHECKBOX_DrawSkinFlex) referenced from app.o(i.UserAPP)
 <LI><a href="#[21]">CHECKBOX__GetButtonSize</a> from checkbox.o(i.CHECKBOX__GetButtonSize) referenced 2 times from checkbox.o(.data)
 <LI><a href="#[3e]">DMA1_Channel1_IRQHandler</a> from startup_stm32f10x_hd.o(.text) referenced from startup_stm32f10x_hd.o(RESET)
 <LI><a href="#[3f]">DMA1_Channel2_IRQHandler</a> from startup_stm32f10x_hd.o(.text) referenced from startup_stm32f10x_hd.o(RESET)
 <LI><a href="#[40]">DMA1_Channel3_IRQHandler</a> from startup_stm32f10x_hd.o(.text) referenced from startup_stm32f10x_hd.o(RESET)
 <LI><a href="#[41]">DMA1_Channel4_IRQHandler</a> from startup_stm32f10x_hd.o(.text) referenced from startup_stm32f10x_hd.o(RESET)
 <LI><a href="#[42]">DMA1_Channel5_IRQHandler</a> from startup_stm32f10x_hd.o(.text) referenced from startup_stm32f10x_hd.o(RESET)
 <LI><a href="#[43]">DMA1_Channel6_IRQHandler</a> from startup_stm32f10x_hd.o(.text) referenced from startup_stm32f10x_hd.o(RESET)
 <LI><a href="#[44]">DMA1_Channel7_IRQHandler</a> from startup_stm32f10x_hd.o(.text) referenced from startup_stm32f10x_hd.o(RESET)
 <LI><a href="#[6b]">DMA2_Channel1_IRQHandler</a> from startup_stm32f10x_hd.o(.text) referenced from startup_stm32f10x_hd.o(RESET)
 <LI><a href="#[6c]">DMA2_Channel2_IRQHandler</a> from startup_stm32f10x_hd.o(.text) referenced from startup_stm32f10x_hd.o(RESET)
 <LI><a href="#[6d]">DMA2_Channel3_IRQHandler</a> from startup_stm32f10x_hd.o(.text) referenced from startup_stm32f10x_hd.o(RESET)
 <LI><a href="#[6e]">DMA2_Channel4_5_IRQHandler</a> from startup_stm32f10x_hd.o(.text) referenced from startup_stm32f10x_hd.o(RESET)
 <LI><a href="#[ac]">DROPDOWN_DrawSkinFlex</a> from dropdown_skinflex.o(i.DROPDOWN_DrawSkinFlex) referenced from app.o(i.UserAPP)
 <LI><a href="#[30]">DebugMon_Handler</a> from stm32f10x_it.o(i.DebugMon_Handler) referenced from startup_stm32f10x_hd.o(RESET)
 <LI><a href="#[39]">EXTI0_IRQHandler</a> from startup_stm32f10x_hd.o(.text) referenced from startup_stm32f10x_hd.o(RESET)
 <LI><a href="#[5b]">EXTI15_10_IRQHandler</a> from startup_stm32f10x_hd.o(.text) referenced from startup_stm32f10x_hd.o(RESET)
 <LI><a href="#[3a]">EXTI1_IRQHandler</a> from startup_stm32f10x_hd.o(.text) referenced from startup_stm32f10x_hd.o(RESET)
 <LI><a href="#[3b]">EXTI2_IRQHandler</a> from startup_stm32f10x_hd.o(.text) referenced from startup_stm32f10x_hd.o(RESET)
 <LI><a href="#[3c]">EXTI3_IRQHandler</a> from startup_stm32f10x_hd.o(.text) referenced from startup_stm32f10x_hd.o(RESET)
 <LI><a href="#[3d]">EXTI4_IRQHandler</a> from startup_stm32f10x_hd.o(.text) referenced from startup_stm32f10x_hd.o(RESET)
 <LI><a href="#[4a]">EXTI9_5_IRQHandler</a> from startup_stm32f10x_hd.o(.text) referenced from startup_stm32f10x_hd.o(RESET)
 <LI><a href="#[37]">FLASH_IRQHandler</a> from startup_stm32f10x_hd.o(.text) referenced from startup_stm32f10x_hd.o(RESET)
 <LI><a href="#[a]">FRAMEWIN_DrawSkinFlex</a> from framewin_skinflex.o(i.FRAMEWIN_DrawSkinFlex) referenced 2 times from framewin_skin.o(.data)
 <LI><a href="#[a]">FRAMEWIN_DrawSkinFlex</a> from framewin_skinflex.o(i.FRAMEWIN_DrawSkinFlex) referenced from app.o(i.UserAPP)
 <LI><a href="#[b9]">FRAMEWIN_OwnerDraw</a> from framewin_skinclassic.o(i.FRAMEWIN_OwnerDraw) referenced from framewin_skinclassic.o(i._Create)
 <LI><a href="#[22]">FRAMEWIN__GetBorderSize</a> from framewin.o(i.FRAMEWIN__GetBorderSize) referenced 2 times from framewin.o(.data)
 <LI><a href="#[63]">FSMC_IRQHandler</a> from startup_stm32f10x_hd.o(.text) referenced from startup_stm32f10x_hd.o(RESET)
 <LI><a href="#[9b]">GUIDRV_FlexColor_SetFunc66709</a> from guidrv_flexcolor_func66709.o(i.GUIDRV_FlexColor_SetFunc66709) referenced from lcdconf_flexcolor_template.o(i.LCD_X_Config)
 <LI><a href="#[9a]">GUIDRV_FlexColor_SetMode16bppC0B16</a> from guidrv_flexcolor_16bpp_c0b16.o(i.GUIDRV_FlexColor_SetMode16bppC0B16) referenced from lcdconf_flexcolor_template.o(i.LCD_X_Config)
 <LI><a href="#[82]">GUIDRV_FlexColor__GetPixelIndexNoCache</a> from guidrv_flexcolor.o(i.GUIDRV_FlexColor__GetPixelIndexNoCache) referenced from guidrv_flexcolor_16bpp_c0b16.o(i.GUIDRV_FlexColor_SetMode16bppC0B16)
 <LI><a href="#[86]">GUIDRV_FlexColor__SetLog2Phys</a> from guidrv_flexcolor.o(i.GUIDRV_FlexColor__SetLog2Phys) referenced from guidrv_flexcolor.o(i.GUIDRV_FlexColor__InitOnce)
 <LI><a href="#[83]">GUIDRV_FlexColor__SetPixelIndexNoCache</a> from guidrv_flexcolor.o(i.GUIDRV_FlexColor__SetPixelIndexNoCache) referenced from guidrv_flexcolor_16bpp_c0b16.o(i.GUIDRV_FlexColor_SetMode16bppC0B16)
 <LI><a href="#[110]">GUIMONO_DispChar</a> from gui_charm.o(i.GUIMONO_DispChar) referenced from f6x8.o(.constdata)
 <LI><a href="#[111]">GUIMONO_GetCharDistX</a> from gui_charm.o(i.GUIMONO_GetCharDistX) referenced from f6x8.o(.constdata)
 <LI><a href="#[112]">GUIMONO_GetFontInfo</a> from gui_charm.o(i.GUIMONO_GetFontInfo) referenced from f6x8.o(.constdata)
 <LI><a href="#[113]">GUIMONO_IsInFont</a> from gui_charm.o(i.GUIMONO_IsInFont) referenced from f6x8.o(.constdata)
 <LI><a href="#[10c]">GUIPROP_DispChar</a> from gui_charp.o(i.GUIPROP_DispChar) referenced 5 times from f08_ascii.o(.constdata)
 <LI><a href="#[10d]">GUIPROP_GetCharDistX</a> from gui_charp.o(i.GUIPROP_GetCharDistX) referenced 5 times from f08_ascii.o(.constdata)
 <LI><a href="#[10e]">GUIPROP_GetFontInfo</a> from gui_charp.o(i.GUIPROP_GetFontInfo) referenced 5 times from f08_ascii.o(.constdata)
 <LI><a href="#[10f]">GUIPROP_IsInFont</a> from gui_charp.o(i.GUIPROP_IsInFont) referenced 5 times from f08_ascii.o(.constdata)
 <LI><a href="#[a3]">GUI_DrawGradientH</a> from gui_drawgradient.o(i.GUI_DrawGradientH) referenced from scrollbar_skinflex.o(i.SCROLLBAR_DrawSkinFlex)
 <LI><a href="#[a6]">GUI_DrawGradientV</a> from gui_drawgradient.o(i.GUI_DrawGradientV) referenced from scrollbar_skinflex.o(i.SCROLLBAR_DrawSkinFlex)
 <LI><a href="#[f]">GUI_DrawStreamedBitmap</a> from gui_stream.o(i.GUI_DrawStreamedBitmap) referenced 2 times from iconview.o(.data)
 <LI><a href="#[cf]">GUI_MEMDEV_Paint1Static</a> from guidev_staticdevices.o(i.GUI_MEMDEV_Paint1Static) referenced from wm.o(i._Paint1)
 <LI><a href="#[c7]">GUI_MEMDEV__WriteToActiveAlpha</a> from guidev_writetoactivealpha.o(i.GUI_MEMDEV__WriteToActiveAlpha) referenced from guidev_32.o(i._GetDevFunc)
 <LI><a href="#[c6]">GUI_MEMDEV__WriteToActiveOpaque</a> from guidev_writetoactiveopaque.o(i.GUI_MEMDEV__WriteToActiveOpaque) referenced from guidev_16.o(i._GetDevFunc)
 <LI><a href="#[2c4]">GUI_SetAlpha</a> from gui_setalpha.o(i.GUI_SetAlpha) referenced from gui_setalpha.o(i.GUI_SetAlpha)
 <LI><a href="#[8c]">GUI_TIMER_Exec</a> from gui_timer.o(i.GUI_TIMER_Exec) referenced from gui_timer.o(i.GUI_TIMER_Create)
 <LI><a href="#[151]">GUI_USAGE_BM_AddHLine</a> from guidev_usagebm.o(i.GUI_USAGE_BM_AddHLine) referenced from guidev_usagebm.o(.constdata)
 <LI><a href="#[150]">GUI_USAGE_BM_AddPixel</a> from guidev_usagebm.o(i.GUI_USAGE_BM_AddPixel) referenced from guidev_usagebm.o(.constdata)
 <LI><a href="#[152]">GUI_USAGE_BM_Clear</a> from guidev_usagebm.o(i.GUI_USAGE_BM_Clear) referenced from guidev_usagebm.o(.constdata)
 <LI><a href="#[154]">GUI_USAGE_BM_GetNextDirty</a> from guidev_usagebm.o(i.GUI_USAGE_BM_GetNextDirty) referenced from guidev_usagebm.o(.constdata)
 <LI><a href="#[ec]">GUI_XBF__GetCharDistX</a> from gui_xbf.o(i.GUI_XBF__GetCharDistX) referenced from gui_xbf_prop.o(.constdata)
 <LI><a href="#[ed]">GUI_XBF__GetFontInfo</a> from gui_xbf.o(i.GUI_XBF__GetFontInfo) referenced from gui_xbf_prop.o(.constdata)
 <LI><a href="#[ee]">GUI_XBF__IsInFont</a> from gui_xbf.o(i.GUI_XBF__IsInFont) referenced from gui_xbf_prop.o(.constdata)
 <LI><a href="#[1d]">GUI_X_ExecIdle</a> from gui_x_ucos.o(i.GUI_X_ExecIdle) referenced 2 times from gui_waitevent.o(.data)
 <LI><a href="#[1a]">GUI__MixColors</a> from gui__alpha.o(i.GUI__MixColors) referenced 2 times from gui__alpha.o(.data)
 <LI><a href="#[1b]">GUI__MixColorsBulk</a> from gui__alpha.o(i.GUI__MixColorsBulk) referenced 2 times from gui__alpha.o(.data)
 <LI><a href="#[73]">GetPinStateOfKey1</a> from key.o(i.GetPinStateOfKey1) referenced from main.o(i.AppObjCreate)
 <LI><a href="#[74]">GetPinStateOfKey2</a> from key.o(i.GetPinStateOfKey2) referenced from main.o(i.AppObjCreate)
 <LI><a href="#[af]">HEADER_DrawSkinFlex</a> from header_skinflex.o(i.HEADER_DrawSkinFlex) referenced from app.o(i.UserAPP)
 <LI><a href="#[2b]">HardFault_Handler</a> from stm32f10x_it.o(i.HardFault_Handler) referenced from startup_stm32f10x_hd.o(RESET)
 <LI><a href="#[53]">I2C1_ER_IRQHandler</a> from startup_stm32f10x_hd.o(.text) referenced from startup_stm32f10x_hd.o(RESET)
 <LI><a href="#[52]">I2C1_EV_IRQHandler</a> from startup_stm32f10x_hd.o(.text) referenced from startup_stm32f10x_hd.o(RESET)
 <LI><a href="#[55]">I2C2_ER_IRQHandler</a> from startup_stm32f10x_hd.o(.text) referenced from startup_stm32f10x_hd.o(RESET)
 <LI><a href="#[54]">I2C2_EV_IRQHandler</a> from startup_stm32f10x_hd.o(.text) referenced from startup_stm32f10x_hd.o(RESET)
 <LI><a href="#[94]">ICONVIEW_Callback</a> from iconview.o(i.ICONVIEW_Callback) referenced from iconview.o(i.ICONVIEW_CreateUser)
 <LI><a href="#[89]">LCD_DrawHLine</a> from lcd.o(i.LCD_DrawHLine) referenced from gui_core.o(.constdata)
 <LI><a href="#[89]">LCD_DrawHLine</a> from lcd.o(i.LCD_DrawHLine) referenced from gui_drawgradient.o(i.GUI_DrawGradientV)
 <LI><a href="#[e6]">LCD_DrawPixel</a> from lcd.o(i.LCD_DrawPixel) referenced from gui_core.o(.constdata)
 <LI><a href="#[88]">LCD_DrawVLine</a> from lcd.o(i.LCD_DrawVLine) referenced from gui_drawgradient.o(i.GUI_DrawGradientH)
 <LI><a href="#[0]">LCD_GetpPalConvTableBM</a> from lcd_color.o(i.LCD_GetpPalConvTableBM) referenced 2 times from gui_core.o(.data)
 <LI><a href="#[dd]">LCD_Index2Color_565</a> from guicc_565_index2color.o(i.LCD_Index2Color_565) referenced from guicc_565.o(.constdata)
 <LI><a href="#[8f]">LCD_Index2Color_888</a> from guicc_888_index2color.o(i.LCD_Index2Color_888) referenced from gui__alpha.o(i.GUI__DoAlphaBlending)
 <LI><a href="#[8a]">LCD_Index2Color_8888</a> from guicc_8888_index2color.o(i.LCD_Index2Color_8888) referenced from guicc_8888.o(.constdata)
 <LI><a href="#[8a]">LCD_Index2Color_8888</a> from guicc_8888_index2color.o(i.LCD_Index2Color_8888) referenced from guidev_writetoactivealpha.o(i.GUI_MEMDEV__WriteToActiveAlpha)
 <LI><a href="#[8a]">LCD_Index2Color_8888</a> from guicc_8888_index2color.o(i.LCD_Index2Color_8888) referenced from gui__alpha.o(i.GUI__DoAlphaBlending)
 <LI><a href="#[8a]">LCD_Index2Color_8888</a> from guicc_8888_index2color.o(i.LCD_Index2Color_8888) referenced from lcd_rle32.o(i._Draw)
 <LI><a href="#[e2]">LCD_Index2Color_M565</a> from guicc_m565_index2color.o(i.LCD_Index2Color_M565) referenced from guicc_m565.o(.constdata)
 <LI><a href="#[cb]">LCD_SetPixelAA</a> from lcd_aa.o(i.LCD_SetPixelAA) referenced from lcd_rotatecw.o(i._GetpfSetPixel)
 <LI><a href="#[ca]">LCD_SetPixelAA_NoTrans</a> from lcd_aa.o(i.LCD_SetPixelAA_NoTrans) referenced from lcd_rotatecw.o(i._GetpfSetPixel)
 <LI><a href="#[cc]">LCD_SetPixelAA_Xor</a> from lcd_aa.o(i.LCD_SetPixelAA_Xor) referenced from lcd_rotatecw.o(i._GetpfSetPixel)
 <LI><a href="#[99]">LcdReadDataMultiple</a> from lcdconf_flexcolor_template.o(i.LcdReadDataMultiple) referenced from lcdconf_flexcolor_template.o(i.LCD_X_Config)
 <LI><a href="#[97]">LcdWriteData</a> from lcdconf_flexcolor_template.o(i.LcdWriteData) referenced from lcdconf_flexcolor_template.o(i.LCD_X_Config)
 <LI><a href="#[98]">LcdWriteDataMultiple</a> from lcdconf_flexcolor_template.o(i.LcdWriteDataMultiple) referenced from lcdconf_flexcolor_template.o(i.LCD_X_Config)
 <LI><a href="#[96]">LcdWriteReg</a> from lcdconf_flexcolor_template.o(i.LcdWriteReg) referenced from lcdconf_flexcolor_template.o(i.LCD_X_Config)
 <LI><a href="#[b1]">MULTIPAGE_DrawSkinFlex</a> from multipage_skinflex.o(i.MULTIPAGE_DrawSkinFlex) referenced from app.o(i.UserAPP)
 <LI><a href="#[2c]">MemManage_Handler</a> from stm32f10x_it.o(i.MemManage_Handler) referenced from startup_stm32f10x_hd.o(RESET)
 <LI><a href="#[2a]">NMI_Handler</a> from stm32f10x_it.o(i.NMI_Handler) referenced from startup_stm32f10x_hd.o(RESET)
 <LI><a href="#[72]">OSTaskSwHook</a> from os_cpu_c.o(i.OSTaskSwHook) referenced from os_cpu_a.o(CODE)
 <LI><a href="#[31]">OS_CPU_PendSVHandler</a> from os_cpu_a.o(CODE) referenced from startup_stm32f10x_hd.o(RESET)
 <LI><a href="#[32]">OS_CPU_SysTickHandler</a> from os_cpu_c.o(i.OS_CPU_SysTickHandler) referenced from startup_stm32f10x_hd.o(RESET)
 <LI><a href="#[9d]">OS_IdleTask</a> from os_core.o(i.OS_IdleTask) referenced from os_core.o(i.OS_IdleTaskInit)
 <LI><a href="#[9e]">OS_StatTask</a> from os_stat.o(i.OS_StatTask) referenced from os_stat.o(i.OS_StatTaskInit)
 <LI><a href="#[9c]">OS_TaskReturn</a> from os_task.o(i.OS_TaskReturn) referenced from os_cpu_c.o(i.OSTaskStkInit)
 <LI><a href="#[9f]">OS_TickTask</a> from os_tick.o(i.OS_TickTask) referenced from os_tick.o(i.OS_TickTaskInit)
 <LI><a href="#[a0]">OS_TmrTask</a> from os_tmr.o(i.OS_TmrTask) referenced from os_tmr.o(i.OS_TmrInit)
 <LI><a href="#[a9]">PROGBAR_DrawSkinFlex</a> from progbar_skinflex.o(i.PROGBAR_DrawSkinFlex) referenced from app.o(i.UserAPP)
 <LI><a href="#[34]">PVD_IRQHandler</a> from startup_stm32f10x_hd.o(.text) referenced from startup_stm32f10x_hd.o(RESET)
 <LI><a href="#[b0]">RADIO_DrawSkinFlex</a> from radio_skinflex.o(i.RADIO_DrawSkinFlex) referenced from app.o(i.UserAPP)
 <LI><a href="#[23]">RADIO__GetButtonSize</a> from radio.o(i.RADIO__GetButtonSize) referenced 2 times from radio.o(.data)
 <LI><a href="#[38]">RCC_IRQHandler</a> from startup_stm32f10x_hd.o(.text) referenced from startup_stm32f10x_hd.o(RESET)
 <LI><a href="#[5c]">RTCAlarm_IRQHandler</a> from startup_stm32f10x_hd.o(.text) referenced from startup_stm32f10x_hd.o(RESET)
 <LI><a href="#[36]">RTC_IRQHandler</a> from startup_stm32f10x_hd.o(.text) referenced from startup_stm32f10x_hd.o(RESET)
 <LI><a href="#[29]">Reset_Handler</a> from startup_stm32f10x_hd.o(.text) referenced from startup_stm32f10x_hd.o(RESET)
 <LI><a href="#[a1]">SCROLLBAR_Callback</a> from scrollbar.o(i.SCROLLBAR_Callback) referenced from scrollbar.o(i.SCROLLBAR_CreateUser)
 <LI><a href="#[ad]">SCROLLBAR_DrawSkinFlex</a> from scrollbar_skinflex.o(i.SCROLLBAR_DrawSkinFlex) referenced from app.o(i.UserAPP)
 <LI><a href="#[64]">SDIO_IRQHandler</a> from startup_stm32f10x_hd.o(.text) referenced from startup_stm32f10x_hd.o(RESET)
 <LI><a href="#[ae]">SLIDER_DrawSkinFlex</a> from slider_skinflex.o(i.SLIDER_DrawSkinFlex) referenced from app.o(i.UserAPP)
 <LI><a href="#[56]">SPI1_IRQHandler</a> from startup_stm32f10x_hd.o(.text) referenced from startup_stm32f10x_hd.o(RESET)
 <LI><a href="#[57]">SPI2_IRQHandler</a> from startup_stm32f10x_hd.o(.text) referenced from startup_stm32f10x_hd.o(RESET)
 <LI><a href="#[66]">SPI3_IRQHandler</a> from startup_stm32f10x_hd.o(.text) referenced from startup_stm32f10x_hd.o(RESET)
 <LI><a href="#[2f]">SVC_Handler</a> from stm32f10x_it.o(i.SVC_Handler) referenced from startup_stm32f10x_hd.o(RESET)
 <LI><a href="#[70]">SystemInit</a> from system_stm32f10x.o(i.SystemInit) referenced from startup_stm32f10x_hd.o(.text)
 <LI><a href="#[35]">TAMPER_IRQHandler</a> from startup_stm32f10x_hd.o(.text) referenced from startup_stm32f10x_hd.o(RESET)
 <LI><a href="#[a8]">TEXT_Callback</a> from text.o(i.TEXT_Callback) referenced from text.o(i.TEXT_CreateUser)
 <LI><a href="#[4b]">TIM1_BRK_IRQHandler</a> from startup_stm32f10x_hd.o(.text) referenced from startup_stm32f10x_hd.o(RESET)
 <LI><a href="#[4e]">TIM1_CC_IRQHandler</a> from startup_stm32f10x_hd.o(.text) referenced from startup_stm32f10x_hd.o(RESET)
 <LI><a href="#[4d]">TIM1_TRG_COM_IRQHandler</a> from startup_stm32f10x_hd.o(.text) referenced from startup_stm32f10x_hd.o(RESET)
 <LI><a href="#[4c]">TIM1_UP_IRQHandler</a> from startup_stm32f10x_hd.o(.text) referenced from startup_stm32f10x_hd.o(RESET)
 <LI><a href="#[4f]">TIM2_IRQHandler</a> from startup_stm32f10x_hd.o(.text) referenced from startup_stm32f10x_hd.o(RESET)
 <LI><a href="#[50]">TIM3_IRQHandler</a> from startup_stm32f10x_hd.o(.text) referenced from startup_stm32f10x_hd.o(RESET)
 <LI><a href="#[51]">TIM4_IRQHandler</a> from startup_stm32f10x_hd.o(.text) referenced from startup_stm32f10x_hd.o(RESET)
 <LI><a href="#[65]">TIM5_IRQHandler</a> from startup_stm32f10x_hd.o(.text) referenced from startup_stm32f10x_hd.o(RESET)
 <LI><a href="#[69]">TIM6_IRQHandler</a> from startup_stm32f10x_hd.o(.text) referenced from startup_stm32f10x_hd.o(RESET)
 <LI><a href="#[6a]">TIM7_IRQHandler</a> from startup_stm32f10x_hd.o(.text) referenced from startup_stm32f10x_hd.o(RESET)
 <LI><a href="#[5e]">TIM8_BRK_IRQHandler</a> from startup_stm32f10x_hd.o(.text) referenced from startup_stm32f10x_hd.o(RESET)
 <LI><a href="#[61]">TIM8_CC_IRQHandler</a> from startup_stm32f10x_hd.o(.text) referenced from startup_stm32f10x_hd.o(RESET)
 <LI><a href="#[60]">TIM8_TRG_COM_IRQHandler</a> from startup_stm32f10x_hd.o(.text) referenced from startup_stm32f10x_hd.o(RESET)
 <LI><a href="#[5f]">TIM8_UP_IRQHandler</a> from startup_stm32f10x_hd.o(.text) referenced from startup_stm32f10x_hd.o(RESET)
 <LI><a href="#[67]">UART4_IRQHandler</a> from startup_stm32f10x_hd.o(.text) referenced from startup_stm32f10x_hd.o(RESET)
 <LI><a href="#[68]">UART5_IRQHandler</a> from startup_stm32f10x_hd.o(.text) referenced from startup_stm32f10x_hd.o(RESET)
 <LI><a href="#[58]">USART1_IRQHandler</a> from startup_stm32f10x_hd.o(.text) referenced from startup_stm32f10x_hd.o(RESET)
 <LI><a href="#[59]">USART2_IRQHandler</a> from startup_stm32f10x_hd.o(.text) referenced from startup_stm32f10x_hd.o(RESET)
 <LI><a href="#[5a]">USART3_IRQHandler</a> from startup_stm32f10x_hd.o(.text) referenced from startup_stm32f10x_hd.o(RESET)
 <LI><a href="#[5d]">USBWakeUp_IRQHandler</a> from startup_stm32f10x_hd.o(.text) referenced from startup_stm32f10x_hd.o(RESET)
 <LI><a href="#[46]">USB_HP_CAN1_TX_IRQHandler</a> from startup_stm32f10x_hd.o(.text) referenced from startup_stm32f10x_hd.o(RESET)
 <LI><a href="#[47]">USB_LP_CAN1_RX0_IRQHandler</a> from startup_stm32f10x_hd.o(.text) referenced from startup_stm32f10x_hd.o(RESET)
 <LI><a href="#[2e]">UsageFault_Handler</a> from stm32f10x_it.o(i.UsageFault_Handler) referenced from startup_stm32f10x_hd.o(RESET)
 <LI><a href="#[169]">WIDGET_EFFECT_3D_DrawUp</a> from widget_effect_3d.o(i.WIDGET_EFFECT_3D_DrawUp) referenced from widget_effect_3d.o(.constdata)
 <LI><a href="#[8b]">WM_HandlePID</a> from wm_touch.o(i.WM_HandlePID) referenced from gui_pid.o(i.GUI_PID_StoreState)
 <LI><a href="#[d0]">WM__Paint1</a> from wm.o(i.WM__Paint1) referenced from wm.o(i._Paint1)
 <LI><a href="#[33]">WWDG_IRQHandler</a> from startup_stm32f10x_hd.o(.text) referenced from startup_stm32f10x_hd.o(RESET)
 <LI><a href="#[b8]">_CalcPositions</a> from scrollbar_skin.o(i._CalcPositions) referenced 2 times from scrollbar_skin.o(i._Create)
 <LI><a href="#[e9]">_CalcSizeOfChar</a> from gui_uc_encodeutf8.o(i._CalcSizeOfChar) referenced 2 times from gui_uc_encodeutf8.o(.constdata)
 <LI><a href="#[114]">_Color2Index</a> from gui_setalpha.o(i._Color2Index) referenced from gui_setalpha.o(.constdata)
 <LI><a href="#[df]">_Color2IndexBulk</a> from guicc_565.o(i._Color2IndexBulk) referenced 4 times from guicc_565.o(.constdata)
 <LI><a href="#[141]">_Color2Index_0</a> from guicc_0.o(i._Color2Index_0) referenced from guicc_0.o(.constdata)
 <LI><a href="#[dc]">_Color2Index_565</a> from guicc_565.o(i._Color2Index_565) referenced from guicc_565.o(.constdata)
 <LI><a href="#[129]">_Color2Index_8888</a> from guicc_8888.o(i._Color2Index_8888) referenced from guicc_8888.o(.constdata)
 <LI><a href="#[e1]">_Color2Index_M565</a> from guicc_m565.o(i._Color2Index_M565) referenced from guicc_m565.o(.constdata)
 <LI><a href="#[156]">_Create</a> from button_skinclassic.o(i._Create) referenced 10 times from button_skinclassic.o(.constdata)
 <LI><a href="#[4]">_Create</a> from button_skin.o(i._Create) referenced 20 times from button_skin.o(.data)
 <LI><a href="#[eb]">_DispChar</a> from gui_xbf_prop.o(i._DispChar) referenced from gui_xbf_prop.o(.constdata)
 <LI><a href="#[be]">_Draw</a> from lcd_rle32.o(i._Draw) referenced from lcd_rle32.o(i._DrawBitmap)
 <LI><a href="#[a5]">_DrawBackgroundH</a> from scrollbar_skinflex.o(i._DrawBackgroundH) referenced from scrollbar_skinflex.o(i.SCROLLBAR_DrawSkinFlex)
 <LI><a href="#[a2]">_DrawBackgroundV</a> from scrollbar_skinflex.o(i._DrawBackgroundV) referenced from scrollbar_skinflex.o(i.SCROLLBAR_DrawSkinFlex)
 <LI><a href="#[f0]">_DrawBitmap</a> from guidrv_flexcolor.o(i._DrawBitmap) referenced 4 times from guidrv_flexcolor.o(.constdata)
 <LI><a href="#[80]">_DrawBitmap</a> from guidrv_flexcolor_16bpp_c0b16.o(i._DrawBitmap) referenced from guidrv_flexcolor_16bpp_c0b16.o(i.GUIDRV_FlexColor_SetMode16bppC0B16)
 <LI><a href="#[91]">_DrawBitmap</a> from iconview.o(i._DrawBitmap) referenced from iconview.o(i.ICONVIEW_AddBitmapItem)
 <LI><a href="#[1e]">_DrawBitmapCW</a> from lcd_rotatecw.o(i._DrawBitmapCW) referenced 2 times from lcd_rotatecw.o(.data)
 <LI><a href="#[ef]">_DrawBitmap_RLE32</a> from lcd_rle32.o(i._DrawBitmap_RLE32) referenced from lcd_rle32.o(.constdata)
 <LI><a href="#[bd]">_DrawClip</a> from lcd_rle32.o(i._DrawClip) referenced from lcd_rle32.o(i._DrawBitmap)
 <LI><a href="#[13e]">_DrawDown</a> from widget_effect_none.o(i._DrawDown) referenced 2 times from widget_effect_none.o(.constdata)
 <LI><a href="#[13f]">_DrawDownRect</a> from widget_effect_none.o(i._DrawDownRect) referenced 2 times from widget_effect_none.o(.constdata)
 <LI><a href="#[140]">_DrawFlat</a> from widget_effect_none.o(i._DrawFlat) referenced from widget_effect_none.o(.constdata)
 <LI><a href="#[a7]">_DrawGraspH</a> from scrollbar_skinflex.o(i._DrawGraspH) referenced from scrollbar_skinflex.o(i.SCROLLBAR_DrawSkinFlex)
 <LI><a href="#[a4]">_DrawGraspV</a> from scrollbar_skinflex.o(i._DrawGraspV) referenced from scrollbar_skinflex.o(i.SCROLLBAR_DrawSkinFlex)
 <LI><a href="#[f1]">_DrawHLine</a> from guidrv_flexcolor.o(i._DrawHLine) referenced 4 times from guidrv_flexcolor.o(.constdata)
 <LI><a href="#[92]">_DrawText</a> from iconview.o(i._DrawText) referenced from iconview.o(i.ICONVIEW_AddBitmapItem)
 <LI><a href="#[13c]">_DrawUp</a> from widget_effect_none.o(i._DrawUp) referenced from widget_effect_none.o(.constdata)
 <LI><a href="#[13d]">_DrawUpRect</a> from widget_effect_none.o(i._DrawUpRect) referenced 2 times from widget_effect_none.o(.constdata)
 <LI><a href="#[f2]">_DrawVLine</a> from guidrv_flexcolor.o(i._DrawVLine) referenced 4 times from guidrv_flexcolor.o(.constdata)
 <LI><a href="#[ea]">_Encode</a> from gui_uc_encodeutf8.o(i._Encode) referenced 2 times from gui_uc_encodeutf8.o(.constdata)
 <LI><a href="#[f3]">_FillRect</a> from guidrv_flexcolor.o(i._FillRect) referenced 4 times from guidrv_flexcolor.o(.constdata)
 <LI><a href="#[81]">_FillRect</a> from guidrv_flexcolor_16bpp_c0b16.o(i._FillRect) referenced from guidrv_flexcolor_16bpp_c0b16.o(i.GUIDRV_FlexColor_SetMode16bppC0B16)
 <LI><a href="#[153]">_GUI_USAGE_BM_Delete</a> from guidev_usagebm.o(i._GUI_USAGE_BM_Delete) referenced from guidev_usagebm.o(.constdata)
 <LI><a href="#[9]">_GetBorderSize</a> from framewin_skin.o(i._GetBorderSize) referenced 4 times from framewin_skin.o(.data)
 <LI><a href="#[26]">_GetButtonSize</a> from checkbox_skinclassic.o(i._GetButtonSize) referenced 4 times from checkbox_skinclassic.o(.data)
 <LI><a href="#[bf]">_GetByte_pPixel</a> from lcd_rle32.o(i._GetByte_pPixel) referenced from lcd_rle32.o(i._DrawBitmap_RLE32)
 <LI><a href="#[e7]">_GetCharCode</a> from gui_uc_encodeutf8.o(i._GetCharCode) referenced 2 times from gui_uc_encodeutf8.o(.constdata)
 <LI><a href="#[e8]">_GetCharSize</a> from gui_uc_encodeutf8.o(i._GetCharSize) referenced 2 times from gui_uc_encodeutf8.o(.constdata)
 <LI><a href="#[25]">_GetCharWrap</a> from gui__wrap.o(i._GetCharWrap) referenced 2 times from gui__wrap.o(.data)
 <LI><a href="#[fa]">_GetDevData</a> from guidrv_flexcolor.o(i._GetDevData) referenced 4 times from guidrv_flexcolor.o(.constdata)
 <LI><a href="#[f8]">_GetDevFunc</a> from guidrv_flexcolor.o(i._GetDevFunc) referenced 4 times from guidrv_flexcolor.o(.constdata)
 <LI><a href="#[c3]">_GetDevFunc_Init</a> from guidrv_flexcolor.o(i._GetDevFunc_Init) referenced from guidrv_flexcolor.o(i._GetDevFunc)
 <LI><a href="#[c8]">_GetDevFunc_SetRect</a> from guidrv_flexcolor.o(i._GetDevFunc_SetRect) referenced from guidrv_flexcolor.o(i._GetDevFunc_SetRectOutside)
 <LI><a href="#[c5]">_GetDevFunc_SetRectOutside</a> from guidrv_flexcolor.o(i._GetDevFunc_SetRectOutside) referenced from guidrv_flexcolor.o(i._GetDevFunc)
 <LI><a href="#[c2]">_GetDevFunc_SetSize</a> from guidrv_flexcolor.o(i._GetDevFunc_SetSize) referenced from guidrv_flexcolor.o(i._GetDevFunc)
 <LI><a href="#[c1]">_GetDevFunc_SetVSize</a> from guidrv_flexcolor.o(i._GetDevFunc_SetVSize) referenced from guidrv_flexcolor.o(i._GetDevFunc)
 <LI><a href="#[f9]">_GetDevProp</a> from guidrv_flexcolor.o(i._GetDevProp) referenced 4 times from guidrv_flexcolor.o(.constdata)
 <LI><a href="#[93]">_GetImageSizes</a> from iconview.o(i._GetImageSizes) referenced from iconview.o(i.ICONVIEW_AddBitmapItem)
 <LI><a href="#[116]">_GetIndexMask</a> from gui_setalpha.o(i._GetIndexMask) referenced from gui_setalpha.o(.constdata)
 <LI><a href="#[143]">_GetIndexMask_0</a> from guicc_0.o(i._GetIndexMask_0) referenced from guicc_0.o(.constdata)
 <LI><a href="#[de]">_GetIndexMask_565</a> from guicc_565.o(i._GetIndexMask_565) referenced from guicc_565.o(.constdata)
 <LI><a href="#[12a]">_GetIndexMask_8888</a> from guicc_8888.o(i._GetIndexMask_8888) referenced from guicc_8888.o(.constdata)
 <LI><a href="#[e3]">_GetIndexMask_M565</a> from guicc_m565.o(i._GetIndexMask_M565) referenced from guicc_m565.o(.constdata)
 <LI><a href="#[f4]">_GetPixelIndex</a> from guidrv_flexcolor.o(i._GetPixelIndex) referenced 4 times from guidrv_flexcolor.o(.constdata)
 <LI><a href="#[c0]">_GetPixel_pPixel</a> from lcd_rle32.o(i._GetPixel_pPixel) referenced from lcd_rle32.o(i._DrawBitmap_RLE32)
 <LI><a href="#[fb]">_GetRect</a> from guidrv_flexcolor.o(i._GetRect) referenced 4 times from guidrv_flexcolor.o(.constdata)
 <LI><a href="#[ba]">_GetTouchedPage</a> from multipage_skinclassic.o(i._GetTouchedPage) referenced from multipage_skinclassic.o(i._Create)
 <LI><a href="#[24]">_GetWordWrap</a> from gui__wrap.o(i._GetWordWrap) referenced 2 times from gui__wrap.o(.data)
 <LI><a href="#[115]">_Index2Color</a> from gui_setalpha.o(i._Index2Color) referenced from gui_setalpha.o(.constdata)
 <LI><a href="#[e0]">_Index2ColorBulk</a> from guicc_565.o(i._Index2ColorBulk) referenced 4 times from guicc_565.o(.constdata)
 <LI><a href="#[142]">_Index2Color_0</a> from guicc_0.o(i._Index2Color_0) referenced from guicc_0.o(.constdata)
 <LI><a href="#[fc]">_Log2PhysX_X0Y0S0</a> from guidrv_flexcolor.o(i._Log2PhysX_X0Y0S0) referenced from guidrv_flexcolor.o(.constdata)
 <LI><a href="#[100]">_Log2PhysX_X0Y0S1</a> from guidrv_flexcolor.o(i._Log2PhysX_X0Y0S1) referenced from guidrv_flexcolor.o(.constdata)
 <LI><a href="#[fe]">_Log2PhysX_X0Y1S0</a> from guidrv_flexcolor.o(i._Log2PhysX_X0Y1S0) referenced from guidrv_flexcolor.o(.constdata)
 <LI><a href="#[102]">_Log2PhysX_X0Y1S1</a> from guidrv_flexcolor.o(i._Log2PhysX_X0Y1S1) referenced from guidrv_flexcolor.o(.constdata)
 <LI><a href="#[fd]">_Log2PhysX_X1Y0S0</a> from guidrv_flexcolor.o(i._Log2PhysX_X1Y0S0) referenced from guidrv_flexcolor.o(.constdata)
 <LI><a href="#[101]">_Log2PhysX_X1Y0S1</a> from guidrv_flexcolor.o(i._Log2PhysX_X1Y0S1) referenced from guidrv_flexcolor.o(.constdata)
 <LI><a href="#[ff]">_Log2PhysX_X1Y1S0</a> from guidrv_flexcolor.o(i._Log2PhysX_X1Y1S0) referenced from guidrv_flexcolor.o(.constdata)
 <LI><a href="#[103]">_Log2PhysX_X1Y1S1</a> from guidrv_flexcolor.o(i._Log2PhysX_X1Y1S1) referenced from guidrv_flexcolor.o(.constdata)
 <LI><a href="#[104]">_Log2PhysY_X0Y0S0</a> from guidrv_flexcolor.o(i._Log2PhysY_X0Y0S0) referenced from guidrv_flexcolor.o(.constdata)
 <LI><a href="#[108]">_Log2PhysY_X0Y0S1</a> from guidrv_flexcolor.o(i._Log2PhysY_X0Y0S1) referenced from guidrv_flexcolor.o(.constdata)
 <LI><a href="#[106]">_Log2PhysY_X0Y1S0</a> from guidrv_flexcolor.o(i._Log2PhysY_X0Y1S0) referenced from guidrv_flexcolor.o(.constdata)
 <LI><a href="#[10a]">_Log2PhysY_X0Y1S1</a> from guidrv_flexcolor.o(i._Log2PhysY_X0Y1S1) referenced from guidrv_flexcolor.o(.constdata)
 <LI><a href="#[105]">_Log2PhysY_X1Y0S0</a> from guidrv_flexcolor.o(i._Log2PhysY_X1Y0S0) referenced from guidrv_flexcolor.o(.constdata)
 <LI><a href="#[109]">_Log2PhysY_X1Y0S1</a> from guidrv_flexcolor.o(i._Log2PhysY_X1Y0S1) referenced from guidrv_flexcolor.o(.constdata)
 <LI><a href="#[107]">_Log2PhysY_X1Y1S0</a> from guidrv_flexcolor.o(i._Log2PhysY_X1Y1S0) referenced from guidrv_flexcolor.o(.constdata)
 <LI><a href="#[10b]">_Log2PhysY_X1Y1S1</a> from guidrv_flexcolor.o(i._Log2PhysY_X1Y1S1) referenced from guidrv_flexcolor.o(.constdata)
 <LI><a href="#[1c]">_Log2VisBuffered</a> from gui_charline.o(i._Log2VisBuffered) referenced 2 times from gui_charline.o(.data)
 <LI><a href="#[87]">_OnExit</a> from gui_task.o(i._OnExit) referenced from gui_task.o(i.GUITASK_Init)
 <LI><a href="#[8d]">_OnExit</a> from gui_timer.o(i._OnExit) referenced from gui_timer.o(i.GUI_TIMER_Create)
 <LI><a href="#[8e]">_OnExit</a> from gui_core.o(i._OnExit) referenced from gui_core.o(i.GUI__Config)
 <LI><a href="#[90]">_OnExit</a> from gui__alpha.o(i._OnExit) referenced from gui__alpha.o(i.GUI__GetAlphaBuffer)
 <LI><a href="#[95]">_OnExit</a> from lcd_color.o(i._OnExit) referenced from lcd_color.o(i.LCD_InitColors)
 <LI><a href="#[b5]">_OnExit</a> from wm.o(i._OnExit) referenced from wm.o(i.WM_Init)
 <LI><a href="#[cd]">_OnExit</a> from gui_setalpha.o(i._OnExit) referenced from gui_setalpha.o(i._InitAlpha)
 <LI><a href="#[ce]">_OnExit</a> from gui_alloc.o(i._OnExit) referenced from gui_alloc.o(i._InitOnce)
 <LI><a href="#[20]">_OnTouchDefault</a> from button.o(i._OnTouchDefault) referenced 2 times from button.o(.data)
 <LI><a href="#[155]">_Paint</a> from button_skinclassic.o(i._Paint) referenced 10 times from button_skinclassic.o(.constdata)
 <LI><a href="#[3]">_Paint</a> from button_skin.o(i._Paint) referenced 20 times from button_skin.o(.data)
 <LI><a href="#[84]">_ReadData</a> from guidrv_flexcolor_16bpp_c0b16.o(i._ReadData) referenced from guidrv_flexcolor_16bpp_c0b16.o(i.GUIDRV_FlexColor_SetMode16bppC0B16)
 <LI><a href="#[d3]">_ReadPixelCust_16bpp</a> from guidrv_flexcolor.o(i._ReadPixelCust_16bpp) referenced from guidrv_flexcolor.o(i._SetDevFunc)
 <LI><a href="#[d2]">_ReadPixelCust_18bpp</a> from guidrv_flexcolor.o(i._ReadPixelCust_18bpp) referenced from guidrv_flexcolor.o(i._SetDevFunc)
 <LI><a href="#[1]">_ReadPixel_16bpp_B16_I</a> from guidrv_flexcolor_func66709.o(i._ReadPixel_16bpp_B16_I) referenced 2 times from guidrv_flexcolor_func66709.o(.data)
 <LI><a href="#[7d]">_ReadPixel_16bpp_B8</a> from guidrv_flexcolor_func66709.o(i._ReadPixel_16bpp_B8) referenced from guidrv_flexcolor_func66709.o(i.GUIDRV_FlexColor_SetFunc66709)
 <LI><a href="#[d4]">_ReadRectCust_16bpp</a> from guidrv_flexcolor.o(i._ReadRectCust_16bpp) referenced from guidrv_flexcolor.o(i._SetDevFunc)
 <LI><a href="#[d1]">_ReadRectCust_18bpp</a> from guidrv_flexcolor.o(i._ReadRectCust_18bpp) referenced from guidrv_flexcolor.o(i._SetDevFunc)
 <LI><a href="#[c9]">_ReadRectFromMemdev</a> from gui_setalpha.o(i._ReadRectFromMemdev) referenced from gui_setalpha.o(i._GetLine)
 <LI><a href="#[2]">_ReadRect_16bpp_B16_I</a> from guidrv_flexcolor_func66709.o(i._ReadRect_16bpp_B16_I) referenced 2 times from guidrv_flexcolor_func66709.o(.data)
 <LI><a href="#[7e]">_ReadRect_16bpp_B8</a> from guidrv_flexcolor_func66709.o(i._ReadRect_16bpp_B8) referenced from guidrv_flexcolor_func66709.o(i.GUIDRV_FlexColor_SetFunc66709)
 <LI><a href="#[1f]">_Rect2TextRect</a> from lcd_rotatecw.o(i._Rect2TextRect) referenced 2 times from lcd_rotatecw.o(.data)
 <LI><a href="#[12e]">_SetBkColor</a> from lcd.o(i._SetBkColor) referenced from lcd.o(.constdata)
 <LI><a href="#[12d]">_SetColor</a> from lcd.o(i._SetColor) referenced from lcd.o(.constdata)
 <LI><a href="#[c4]">_SetDevFunc</a> from guidrv_flexcolor.o(i._SetDevFunc) referenced from guidrv_flexcolor.o(i._GetDevFunc)
 <LI><a href="#[12f]">_SetDrawMode</a> from lcd.o(i._SetDrawMode) referenced from lcd.o(.constdata)
 <LI><a href="#[7f]">_SetInterface</a> from guidrv_flexcolor_func66709.o(i._SetInterface) referenced from guidrv_flexcolor_func66709.o(i.GUIDRV_FlexColor_SetFunc66709)
 <LI><a href="#[f7]">_SetOrg</a> from guidrv_flexcolor.o(i._SetOrg) referenced 4 times from guidrv_flexcolor.o(.constdata)
 <LI><a href="#[7c]">_SetOrientation</a> from guidrv_flexcolor_func66709.o(i._SetOrientation) referenced from guidrv_flexcolor_func66709.o(i.GUIDRV_FlexColor_SetFunc66709)
 <LI><a href="#[7a]">_SetPhysRAMAddr</a> from guidrv_flexcolor_func66709.o(i._SetPhysRAMAddr) referenced from guidrv_flexcolor_func66709.o(i.GUIDRV_FlexColor_SetFunc66709)
 <LI><a href="#[f5]">_SetPixelIndex</a> from guidrv_flexcolor.o(i._SetPixelIndex) referenced 4 times from guidrv_flexcolor.o(.constdata)
 <LI><a href="#[7b]">_SetRect</a> from guidrv_flexcolor_func66709.o(i._SetRect) referenced from guidrv_flexcolor_func66709.o(i.GUIDRV_FlexColor_SetFunc66709)
 <LI><a href="#[d5]">_SetReg_B16</a> from guidrv_flexcolor_func66709.o(i._SetReg_B16) referenced from guidrv_flexcolor_func66709.o(i._SetInterface)
 <LI><a href="#[d7]">_SetReg_B8</a> from guidrv_flexcolor_func66709.o(i._SetReg_B8) referenced from guidrv_flexcolor_func66709.o(i._SetInterface)
 <LI><a href="#[78]">_WriteByte2File</a> from main.o(i._WriteByte2File) referenced from main.o(i.AppTaskShot)
 <LI><a href="#[85]">_WriteData</a> from guidrv_flexcolor_16bpp_c0b16.o(i._WriteData) referenced from guidrv_flexcolor_16bpp_c0b16.o(i.GUIDRV_FlexColor_SetMode16bppC0B16)
 <LI><a href="#[d6]">_WritePara_B16</a> from guidrv_flexcolor_func66709.o(i._WritePara_B16) referenced from guidrv_flexcolor_func66709.o(i._SetInterface)
 <LI><a href="#[d8]">_WritePara_B8</a> from guidrv_flexcolor_func66709.o(i._WritePara_B8) referenced from guidrv_flexcolor_func66709.o(i._SetInterface)
 <LI><a href="#[f6]">_XorPixel</a> from guidrv_flexcolor.o(i._XorPixel) referenced 4 times from guidrv_flexcolor.o(.constdata)
 <LI><a href="#[71]">__main</a> from entry.o(.ARM.Collect$$$$00000000) referenced from startup_stm32f10x_hd.o(.text)
 <LI><a href="#[b2]">_cbBkWindow</a> from app.o(i._cbBkWindow) referenced from app.o(i.UserAPP)
 <LI><a href="#[bc]">_cbGetData</a> from app.o(i._cbGetData) referenced from app.o(i._CreateXBF)
 <LI><a href="#[b7]">_cbInvalidateOne</a> from wm_bringtotop.o(i._cbInvalidateOne) referenced from wm_bringtotop.o(i._BringToTop)
 <LI><a href="#[79]">_cbMidWin</a> from app.o(i._cbMidWin) referenced from app.o(i.CreateMidWin)
 <LI><a href="#[b6]">_cbPaintMemDev</a> from wm.o(i._cbPaintMemDev) referenced from wm.o(i.WM__Paint)
 <LI><a href="#[b3]">_cbTimer</a> from wm_timer.o(i._cbTimer) referenced from wm_timer.o(i.WM_CreateTimer)
 <LI><a href="#[da]">_sputc</a> from printf1.o(i._sputc) referenced from printf1.o(i.__0sprintf$1)
 <LI><a href="#[b4]">cbBackWin</a> from wm.o(i.cbBackWin) referenced from wm.o(i.WM_Init)
 <LI><a href="#[d9]">fputc</a> from bsp_usart1.o(i.fputc) referenced from printf1.o(i.__0printf$1)
 <LI><a href="#[6f]">main</a> from main.o(i.main) referenced from entry9a.o(.ARM.Collect$$$$0000000B)
</UL>
<P>
<H3>
Global Symbols
</H3>
<P><STRONG><a name="[71]"></a>__main</STRONG> (Thumb, 0 bytes, Stack size unknown bytes, entry.o(.ARM.Collect$$$$00000000))
<BR>[Address Reference Count : 1]<UL><LI> startup_stm32f10x_hd.o(.text)
</UL>
<P><STRONG><a name="[4db]"></a>_main_stk</STRONG> (Thumb, 0 bytes, Stack size unknown bytes, entry2.o(.ARM.Collect$$$$00000001))

<P><STRONG><a name="[16d]"></a>_main_scatterload</STRONG> (Thumb, 0 bytes, Stack size unknown bytes, entry5.o(.ARM.Collect$$$$00000004))
<BR><BR>[Calls]<UL><LI><a href="#[16e]">&gt;&gt;</a>&nbsp;&nbsp;&nbsp;__scatterload
</UL>

<P><STRONG><a name="[172]"></a>__main_after_scatterload</STRONG> (Thumb, 0 bytes, Stack size unknown bytes, entry5.o(.ARM.Collect$$$$00000004))
<BR><BR>[Called By]<UL><LI><a href="#[16e]">&gt;&gt;</a>&nbsp;&nbsp;&nbsp;__scatterload
</UL>

<P><STRONG><a name="[4dc]"></a>_main_clock</STRONG> (Thumb, 0 bytes, Stack size unknown bytes, entry7b.o(.ARM.Collect$$$$00000008))

<P><STRONG><a name="[4dd]"></a>_main_cpp_init</STRONG> (Thumb, 0 bytes, Stack size unknown bytes, entry8b.o(.ARM.Collect$$$$0000000A))

<P><STRONG><a name="[4de]"></a>_main_init</STRONG> (Thumb, 0 bytes, Stack size unknown bytes, entry9a.o(.ARM.Collect$$$$0000000B))

<P><STRONG><a name="[4df]"></a>__rt_lib_shutdown_fini</STRONG> (Thumb, 0 bytes, Stack size unknown bytes, entry12b.o(.ARM.Collect$$$$0000000E))

<P><STRONG><a name="[4e0]"></a>__rt_final_cpp</STRONG> (Thumb, 0 bytes, Stack size unknown bytes, entry10a.o(.ARM.Collect$$$$0000000F))

<P><STRONG><a name="[4e1]"></a>__rt_final_exit</STRONG> (Thumb, 0 bytes, Stack size unknown bytes, entry11a.o(.ARM.Collect$$$$00000011))

<P><STRONG><a name="[29]"></a>Reset_Handler</STRONG> (Thumb, 8 bytes, Stack size 0 bytes, startup_stm32f10x_hd.o(.text))
<BR>[Address Reference Count : 1]<UL><LI> startup_stm32f10x_hd.o(RESET)
</UL>
<P><STRONG><a name="[45]"></a>ADC1_2_IRQHandler</STRONG> (Thumb, 0 bytes, Stack size 0 bytes, startup_stm32f10x_hd.o(.text))
<BR><BR>[Calls]<UL><LI><a href="#[45]">&gt;&gt;</a>&nbsp;&nbsp;&nbsp;ADC1_2_IRQHandler
</UL>
<BR>[Called By]<UL><LI><a href="#[45]">&gt;&gt;</a>&nbsp;&nbsp;&nbsp;ADC1_2_IRQHandler
</UL>
<BR>[Address Reference Count : 1]<UL><LI> startup_stm32f10x_hd.o(RESET)
</UL>
<P><STRONG><a name="[62]"></a>ADC3_IRQHandler</STRONG> (Thumb, 0 bytes, Stack size 0 bytes, startup_stm32f10x_hd.o(.text))
<BR>[Address Reference Count : 1]<UL><LI> startup_stm32f10x_hd.o(RESET)
</UL>
<P><STRONG><a name="[48]"></a>CAN1_RX1_IRQHandler</STRONG> (Thumb, 0 bytes, Stack size 0 bytes, startup_stm32f10x_hd.o(.text))
<BR>[Address Reference Count : 1]<UL><LI> startup_stm32f10x_hd.o(RESET)
</UL>
<P><STRONG><a name="[49]"></a>CAN1_SCE_IRQHandler</STRONG> (Thumb, 0 bytes, Stack size 0 bytes, startup_stm32f10x_hd.o(.text))
<BR>[Address Reference Count : 1]<UL><LI> startup_stm32f10x_hd.o(RESET)
</UL>
<P><STRONG><a name="[3e]"></a>DMA1_Channel1_IRQHandler</STRONG> (Thumb, 0 bytes, Stack size 0 bytes, startup_stm32f10x_hd.o(.text))
<BR>[Address Reference Count : 1]<UL><LI> startup_stm32f10x_hd.o(RESET)
</UL>
<P><STRONG><a name="[3f]"></a>DMA1_Channel2_IRQHandler</STRONG> (Thumb, 0 bytes, Stack size 0 bytes, startup_stm32f10x_hd.o(.text))
<BR>[Address Reference Count : 1]<UL><LI> startup_stm32f10x_hd.o(RESET)
</UL>
<P><STRONG><a name="[40]"></a>DMA1_Channel3_IRQHandler</STRONG> (Thumb, 0 bytes, Stack size 0 bytes, startup_stm32f10x_hd.o(.text))
<BR>[Address Reference Count : 1]<UL><LI> startup_stm32f10x_hd.o(RESET)
</UL>
<P><STRONG><a name="[41]"></a>DMA1_Channel4_IRQHandler</STRONG> (Thumb, 0 bytes, Stack size 0 bytes, startup_stm32f10x_hd.o(.text))
<BR>[Address Reference Count : 1]<UL><LI> startup_stm32f10x_hd.o(RESET)
</UL>
<P><STRONG><a name="[42]"></a>DMA1_Channel5_IRQHandler</STRONG> (Thumb, 0 bytes, Stack size 0 bytes, startup_stm32f10x_hd.o(.text))
<BR>[Address Reference Count : 1]<UL><LI> startup_stm32f10x_hd.o(RESET)
</UL>
<P><STRONG><a name="[43]"></a>DMA1_Channel6_IRQHandler</STRONG> (Thumb, 0 bytes, Stack size 0 bytes, startup_stm32f10x_hd.o(.text))
<BR>[Address Reference Count : 1]<UL><LI> startup_stm32f10x_hd.o(RESET)
</UL>
<P><STRONG><a name="[44]"></a>DMA1_Channel7_IRQHandler</STRONG> (Thumb, 0 bytes, Stack size 0 bytes, startup_stm32f10x_hd.o(.text))
<BR>[Address Reference Count : 1]<UL><LI> startup_stm32f10x_hd.o(RESET)
</UL>
<P><STRONG><a name="[6b]"></a>DMA2_Channel1_IRQHandler</STRONG> (Thumb, 0 bytes, Stack size 0 bytes, startup_stm32f10x_hd.o(.text))
<BR>[Address Reference Count : 1]<UL><LI> startup_stm32f10x_hd.o(RESET)
</UL>
<P><STRONG><a name="[6c]"></a>DMA2_Channel2_IRQHandler</STRONG> (Thumb, 0 bytes, Stack size 0 bytes, startup_stm32f10x_hd.o(.text))
<BR>[Address Reference Count : 1]<UL><LI> startup_stm32f10x_hd.o(RESET)
</UL>
<P><STRONG><a name="[6d]"></a>DMA2_Channel3_IRQHandler</STRONG> (Thumb, 0 bytes, Stack size 0 bytes, startup_stm32f10x_hd.o(.text))
<BR>[Address Reference Count : 1]<UL><LI> startup_stm32f10x_hd.o(RESET)
</UL>
<P><STRONG><a name="[6e]"></a>DMA2_Channel4_5_IRQHandler</STRONG> (Thumb, 0 bytes, Stack size 0 bytes, startup_stm32f10x_hd.o(.text))
<BR>[Address Reference Count : 1]<UL><LI> startup_stm32f10x_hd.o(RESET)
</UL>
<P><STRONG><a name="[39]"></a>EXTI0_IRQHandler</STRONG> (Thumb, 0 bytes, Stack size 0 bytes, startup_stm32f10x_hd.o(.text))
<BR>[Address Reference Count : 1]<UL><LI> startup_stm32f10x_hd.o(RESET)
</UL>
<P><STRONG><a name="[5b]"></a>EXTI15_10_IRQHandler</STRONG> (Thumb, 0 bytes, Stack size 0 bytes, startup_stm32f10x_hd.o(.text))
<BR>[Address Reference Count : 1]<UL><LI> startup_stm32f10x_hd.o(RESET)
</UL>
<P><STRONG><a name="[3a]"></a>EXTI1_IRQHandler</STRONG> (Thumb, 0 bytes, Stack size 0 bytes, startup_stm32f10x_hd.o(.text))
<BR>[Address Reference Count : 1]<UL><LI> startup_stm32f10x_hd.o(RESET)
</UL>
<P><STRONG><a name="[3b]"></a>EXTI2_IRQHandler</STRONG> (Thumb, 0 bytes, Stack size 0 bytes, startup_stm32f10x_hd.o(.text))
<BR>[Address Reference Count : 1]<UL><LI> startup_stm32f10x_hd.o(RESET)
</UL>
<P><STRONG><a name="[3c]"></a>EXTI3_IRQHandler</STRONG> (Thumb, 0 bytes, Stack size 0 bytes, startup_stm32f10x_hd.o(.text))
<BR>[Address Reference Count : 1]<UL><LI> startup_stm32f10x_hd.o(RESET)
</UL>
<P><STRONG><a name="[3d]"></a>EXTI4_IRQHandler</STRONG> (Thumb, 0 bytes, Stack size 0 bytes, startup_stm32f10x_hd.o(.text))
<BR>[Address Reference Count : 1]<UL><LI> startup_stm32f10x_hd.o(RESET)
</UL>
<P><STRONG><a name="[4a]"></a>EXTI9_5_IRQHandler</STRONG> (Thumb, 0 bytes, Stack size 0 bytes, startup_stm32f10x_hd.o(.text))
<BR>[Address Reference Count : 1]<UL><LI> startup_stm32f10x_hd.o(RESET)
</UL>
<P><STRONG><a name="[37]"></a>FLASH_IRQHandler</STRONG> (Thumb, 0 bytes, Stack size 0 bytes, startup_stm32f10x_hd.o(.text))
<BR>[Address Reference Count : 1]<UL><LI> startup_stm32f10x_hd.o(RESET)
</UL>
<P><STRONG><a name="[63]"></a>FSMC_IRQHandler</STRONG> (Thumb, 0 bytes, Stack size 0 bytes, startup_stm32f10x_hd.o(.text))
<BR>[Address Reference Count : 1]<UL><LI> startup_stm32f10x_hd.o(RESET)
</UL>
<P><STRONG><a name="[53]"></a>I2C1_ER_IRQHandler</STRONG> (Thumb, 0 bytes, Stack size 0 bytes, startup_stm32f10x_hd.o(.text))
<BR>[Address Reference Count : 1]<UL><LI> startup_stm32f10x_hd.o(RESET)
</UL>
<P><STRONG><a name="[52]"></a>I2C1_EV_IRQHandler</STRONG> (Thumb, 0 bytes, Stack size 0 bytes, startup_stm32f10x_hd.o(.text))
<BR>[Address Reference Count : 1]<UL><LI> startup_stm32f10x_hd.o(RESET)
</UL>
<P><STRONG><a name="[55]"></a>I2C2_ER_IRQHandler</STRONG> (Thumb, 0 bytes, Stack size 0 bytes, startup_stm32f10x_hd.o(.text))
<BR>[Address Reference Count : 1]<UL><LI> startup_stm32f10x_hd.o(RESET)
</UL>
<P><STRONG><a name="[54]"></a>I2C2_EV_IRQHandler</STRONG> (Thumb, 0 bytes, Stack size 0 bytes, startup_stm32f10x_hd.o(.text))
<BR>[Address Reference Count : 1]<UL><LI> startup_stm32f10x_hd.o(RESET)
</UL>
<P><STRONG><a name="[34]"></a>PVD_IRQHandler</STRONG> (Thumb, 0 bytes, Stack size 0 bytes, startup_stm32f10x_hd.o(.text))
<BR>[Address Reference Count : 1]<UL><LI> startup_stm32f10x_hd.o(RESET)
</UL>
<P><STRONG><a name="[38]"></a>RCC_IRQHandler</STRONG> (Thumb, 0 bytes, Stack size 0 bytes, startup_stm32f10x_hd.o(.text))
<BR>[Address Reference Count : 1]<UL><LI> startup_stm32f10x_hd.o(RESET)
</UL>
<P><STRONG><a name="[5c]"></a>RTCAlarm_IRQHandler</STRONG> (Thumb, 0 bytes, Stack size 0 bytes, startup_stm32f10x_hd.o(.text))
<BR>[Address Reference Count : 1]<UL><LI> startup_stm32f10x_hd.o(RESET)
</UL>
<P><STRONG><a name="[36]"></a>RTC_IRQHandler</STRONG> (Thumb, 0 bytes, Stack size 0 bytes, startup_stm32f10x_hd.o(.text))
<BR>[Address Reference Count : 1]<UL><LI> startup_stm32f10x_hd.o(RESET)
</UL>
<P><STRONG><a name="[64]"></a>SDIO_IRQHandler</STRONG> (Thumb, 0 bytes, Stack size 0 bytes, startup_stm32f10x_hd.o(.text))
<BR>[Address Reference Count : 1]<UL><LI> startup_stm32f10x_hd.o(RESET)
</UL>
<P><STRONG><a name="[56]"></a>SPI1_IRQHandler</STRONG> (Thumb, 0 bytes, Stack size 0 bytes, startup_stm32f10x_hd.o(.text))
<BR>[Address Reference Count : 1]<UL><LI> startup_stm32f10x_hd.o(RESET)
</UL>
<P><STRONG><a name="[57]"></a>SPI2_IRQHandler</STRONG> (Thumb, 0 bytes, Stack size 0 bytes, startup_stm32f10x_hd.o(.text))
<BR>[Address Reference Count : 1]<UL><LI> startup_stm32f10x_hd.o(RESET)
</UL>
<P><STRONG><a name="[66]"></a>SPI3_IRQHandler</STRONG> (Thumb, 0 bytes, Stack size 0 bytes, startup_stm32f10x_hd.o(.text))
<BR>[Address Reference Count : 1]<UL><LI> startup_stm32f10x_hd.o(RESET)
</UL>
<P><STRONG><a name="[35]"></a>TAMPER_IRQHandler</STRONG> (Thumb, 0 bytes, Stack size 0 bytes, startup_stm32f10x_hd.o(.text))
<BR>[Address Reference Count : 1]<UL><LI> startup_stm32f10x_hd.o(RESET)
</UL>
<P><STRONG><a name="[4b]"></a>TIM1_BRK_IRQHandler</STRONG> (Thumb, 0 bytes, Stack size 0 bytes, startup_stm32f10x_hd.o(.text))
<BR>[Address Reference Count : 1]<UL><LI> startup_stm32f10x_hd.o(RESET)
</UL>
<P><STRONG><a name="[4e]"></a>TIM1_CC_IRQHandler</STRONG> (Thumb, 0 bytes, Stack size 0 bytes, startup_stm32f10x_hd.o(.text))
<BR>[Address Reference Count : 1]<UL><LI> startup_stm32f10x_hd.o(RESET)
</UL>
<P><STRONG><a name="[4d]"></a>TIM1_TRG_COM_IRQHandler</STRONG> (Thumb, 0 bytes, Stack size 0 bytes, startup_stm32f10x_hd.o(.text))
<BR>[Address Reference Count : 1]<UL><LI> startup_stm32f10x_hd.o(RESET)
</UL>
<P><STRONG><a name="[4c]"></a>TIM1_UP_IRQHandler</STRONG> (Thumb, 0 bytes, Stack size 0 bytes, startup_stm32f10x_hd.o(.text))
<BR>[Address Reference Count : 1]<UL><LI> startup_stm32f10x_hd.o(RESET)
</UL>
<P><STRONG><a name="[4f]"></a>TIM2_IRQHandler</STRONG> (Thumb, 0 bytes, Stack size 0 bytes, startup_stm32f10x_hd.o(.text))
<BR>[Address Reference Count : 1]<UL><LI> startup_stm32f10x_hd.o(RESET)
</UL>
<P><STRONG><a name="[50]"></a>TIM3_IRQHandler</STRONG> (Thumb, 0 bytes, Stack size 0 bytes, startup_stm32f10x_hd.o(.text))
<BR>[Address Reference Count : 1]<UL><LI> startup_stm32f10x_hd.o(RESET)
</UL>
<P><STRONG><a name="[51]"></a>TIM4_IRQHandler</STRONG> (Thumb, 0 bytes, Stack size 0 bytes, startup_stm32f10x_hd.o(.text))
<BR>[Address Reference Count : 1]<UL><LI> startup_stm32f10x_hd.o(RESET)
</UL>
<P><STRONG><a name="[65]"></a>TIM5_IRQHandler</STRONG> (Thumb, 0 bytes, Stack size 0 bytes, startup_stm32f10x_hd.o(.text))
<BR>[Address Reference Count : 1]<UL><LI> startup_stm32f10x_hd.o(RESET)
</UL>
<P><STRONG><a name="[69]"></a>TIM6_IRQHandler</STRONG> (Thumb, 0 bytes, Stack size 0 bytes, startup_stm32f10x_hd.o(.text))
<BR>[Address Reference Count : 1]<UL><LI> startup_stm32f10x_hd.o(RESET)
</UL>
<P><STRONG><a name="[6a]"></a>TIM7_IRQHandler</STRONG> (Thumb, 0 bytes, Stack size 0 bytes, startup_stm32f10x_hd.o(.text))
<BR>[Address Reference Count : 1]<UL><LI> startup_stm32f10x_hd.o(RESET)
</UL>
<P><STRONG><a name="[5e]"></a>TIM8_BRK_IRQHandler</STRONG> (Thumb, 0 bytes, Stack size 0 bytes, startup_stm32f10x_hd.o(.text))
<BR>[Address Reference Count : 1]<UL><LI> startup_stm32f10x_hd.o(RESET)
</UL>
<P><STRONG><a name="[61]"></a>TIM8_CC_IRQHandler</STRONG> (Thumb, 0 bytes, Stack size 0 bytes, startup_stm32f10x_hd.o(.text))
<BR>[Address Reference Count : 1]<UL><LI> startup_stm32f10x_hd.o(RESET)
</UL>
<P><STRONG><a name="[60]"></a>TIM8_TRG_COM_IRQHandler</STRONG> (Thumb, 0 bytes, Stack size 0 bytes, startup_stm32f10x_hd.o(.text))
<BR>[Address Reference Count : 1]<UL><LI> startup_stm32f10x_hd.o(RESET)
</UL>
<P><STRONG><a name="[5f]"></a>TIM8_UP_IRQHandler</STRONG> (Thumb, 0 bytes, Stack size 0 bytes, startup_stm32f10x_hd.o(.text))
<BR>[Address Reference Count : 1]<UL><LI> startup_stm32f10x_hd.o(RESET)
</UL>
<P><STRONG><a name="[67]"></a>UART4_IRQHandler</STRONG> (Thumb, 0 bytes, Stack size 0 bytes, startup_stm32f10x_hd.o(.text))
<BR>[Address Reference Count : 1]<UL><LI> startup_stm32f10x_hd.o(RESET)
</UL>
<P><STRONG><a name="[68]"></a>UART5_IRQHandler</STRONG> (Thumb, 0 bytes, Stack size 0 bytes, startup_stm32f10x_hd.o(.text))
<BR>[Address Reference Count : 1]<UL><LI> startup_stm32f10x_hd.o(RESET)
</UL>
<P><STRONG><a name="[58]"></a>USART1_IRQHandler</STRONG> (Thumb, 0 bytes, Stack size 0 bytes, startup_stm32f10x_hd.o(.text))
<BR>[Address Reference Count : 1]<UL><LI> startup_stm32f10x_hd.o(RESET)
</UL>
<P><STRONG><a name="[59]"></a>USART2_IRQHandler</STRONG> (Thumb, 0 bytes, Stack size 0 bytes, startup_stm32f10x_hd.o(.text))
<BR>[Address Reference Count : 1]<UL><LI> startup_stm32f10x_hd.o(RESET)
</UL>
<P><STRONG><a name="[5a]"></a>USART3_IRQHandler</STRONG> (Thumb, 0 bytes, Stack size 0 bytes, startup_stm32f10x_hd.o(.text))
<BR>[Address Reference Count : 1]<UL><LI> startup_stm32f10x_hd.o(RESET)
</UL>
<P><STRONG><a name="[5d]"></a>USBWakeUp_IRQHandler</STRONG> (Thumb, 0 bytes, Stack size 0 bytes, startup_stm32f10x_hd.o(.text))
<BR>[Address Reference Count : 1]<UL><LI> startup_stm32f10x_hd.o(RESET)
</UL>
<P><STRONG><a name="[46]"></a>USB_HP_CAN1_TX_IRQHandler</STRONG> (Thumb, 0 bytes, Stack size 0 bytes, startup_stm32f10x_hd.o(.text))
<BR>[Address Reference Count : 1]<UL><LI> startup_stm32f10x_hd.o(RESET)
</UL>
<P><STRONG><a name="[47]"></a>USB_LP_CAN1_RX0_IRQHandler</STRONG> (Thumb, 0 bytes, Stack size 0 bytes, startup_stm32f10x_hd.o(.text))
<BR>[Address Reference Count : 1]<UL><LI> startup_stm32f10x_hd.o(RESET)
</UL>
<P><STRONG><a name="[33]"></a>WWDG_IRQHandler</STRONG> (Thumb, 0 bytes, Stack size 0 bytes, startup_stm32f10x_hd.o(.text))
<BR>[Address Reference Count : 1]<UL><LI> startup_stm32f10x_hd.o(RESET)
</UL>
<P><STRONG><a name="[4e2]"></a>CPU_IntDis</STRONG> (Thumb, 0 bytes, Stack size unknown bytes, cpu_a.o(.text), UNUSED)

<P><STRONG><a name="[4e3]"></a>CPU_IntEn</STRONG> (Thumb, 0 bytes, Stack size unknown bytes, cpu_a.o(.text), UNUSED)

<P><STRONG><a name="[355]"></a>CPU_SR_Save</STRONG> (Thumb, 0 bytes, Stack size unknown bytes, cpu_a.o(.text))
<BR><BR>[Called By]<UL><LI><a href="#[188]">&gt;&gt;</a>&nbsp;&nbsp;&nbsp;OSTimeDlyHMSM
<LI><a href="#[177]">&gt;&gt;</a>&nbsp;&nbsp;&nbsp;OSTaskCreate
<LI><a href="#[183]">&gt;&gt;</a>&nbsp;&nbsp;&nbsp;OSStatTaskCPUUsageInit
<LI><a href="#[178]">&gt;&gt;</a>&nbsp;&nbsp;&nbsp;OSSemPend
<LI><a href="#[175]">&gt;&gt;</a>&nbsp;&nbsp;&nbsp;OSSemCreate
<LI><a href="#[17f]">&gt;&gt;</a>&nbsp;&nbsp;&nbsp;OSSchedUnlock
<LI><a href="#[17c]">&gt;&gt;</a>&nbsp;&nbsp;&nbsp;OSSchedLock
<LI><a href="#[2ee]">&gt;&gt;</a>&nbsp;&nbsp;&nbsp;OSTimeGet
<LI><a href="#[386]">&gt;&gt;</a>&nbsp;&nbsp;&nbsp;OS_TickListUpdate
<LI><a href="#[374]">&gt;&gt;</a>&nbsp;&nbsp;&nbsp;OS_TaskSuspend
<LI><a href="#[373]">&gt;&gt;</a>&nbsp;&nbsp;&nbsp;OS_TaskSemPost
<LI><a href="#[370]">&gt;&gt;</a>&nbsp;&nbsp;&nbsp;OS_TaskResume
<LI><a href="#[371]">&gt;&gt;</a>&nbsp;&nbsp;&nbsp;OSTaskSemPend
<LI><a href="#[36a]">&gt;&gt;</a>&nbsp;&nbsp;&nbsp;OSTaskDel
<LI><a href="#[2ed]">&gt;&gt;</a>&nbsp;&nbsp;&nbsp;OSTimeDly
<LI><a href="#[363]">&gt;&gt;</a>&nbsp;&nbsp;&nbsp;OSTaskResume
<LI><a href="#[9e]">&gt;&gt;</a>&nbsp;&nbsp;&nbsp;OS_StatTask
<LI><a href="#[35f]">&gt;&gt;</a>&nbsp;&nbsp;&nbsp;OSStatReset
<LI><a href="#[35c]">&gt;&gt;</a>&nbsp;&nbsp;&nbsp;OS_SemPost
<LI><a href="#[9d]">&gt;&gt;</a>&nbsp;&nbsp;&nbsp;OS_IdleTask
<LI><a href="#[358]">&gt;&gt;</a>&nbsp;&nbsp;&nbsp;OSSched
<LI><a href="#[354]">&gt;&gt;</a>&nbsp;&nbsp;&nbsp;OSIntExit
<LI><a href="#[32]">&gt;&gt;</a>&nbsp;&nbsp;&nbsp;OS_CPU_SysTickHandler
</UL>

<P><STRONG><a name="[356]"></a>CPU_SR_Restore</STRONG> (Thumb, 0 bytes, Stack size unknown bytes, cpu_a.o(.text))
<BR><BR>[Called By]<UL><LI><a href="#[188]">&gt;&gt;</a>&nbsp;&nbsp;&nbsp;OSTimeDlyHMSM
<LI><a href="#[177]">&gt;&gt;</a>&nbsp;&nbsp;&nbsp;OSTaskCreate
<LI><a href="#[183]">&gt;&gt;</a>&nbsp;&nbsp;&nbsp;OSStatTaskCPUUsageInit
<LI><a href="#[178]">&gt;&gt;</a>&nbsp;&nbsp;&nbsp;OSSemPend
<LI><a href="#[175]">&gt;&gt;</a>&nbsp;&nbsp;&nbsp;OSSemCreate
<LI><a href="#[17f]">&gt;&gt;</a>&nbsp;&nbsp;&nbsp;OSSchedUnlock
<LI><a href="#[17c]">&gt;&gt;</a>&nbsp;&nbsp;&nbsp;OSSchedLock
<LI><a href="#[2ee]">&gt;&gt;</a>&nbsp;&nbsp;&nbsp;OSTimeGet
<LI><a href="#[386]">&gt;&gt;</a>&nbsp;&nbsp;&nbsp;OS_TickListUpdate
<LI><a href="#[374]">&gt;&gt;</a>&nbsp;&nbsp;&nbsp;OS_TaskSuspend
<LI><a href="#[373]">&gt;&gt;</a>&nbsp;&nbsp;&nbsp;OS_TaskSemPost
<LI><a href="#[370]">&gt;&gt;</a>&nbsp;&nbsp;&nbsp;OS_TaskResume
<LI><a href="#[371]">&gt;&gt;</a>&nbsp;&nbsp;&nbsp;OSTaskSemPend
<LI><a href="#[36a]">&gt;&gt;</a>&nbsp;&nbsp;&nbsp;OSTaskDel
<LI><a href="#[2ed]">&gt;&gt;</a>&nbsp;&nbsp;&nbsp;OSTimeDly
<LI><a href="#[363]">&gt;&gt;</a>&nbsp;&nbsp;&nbsp;OSTaskResume
<LI><a href="#[9e]">&gt;&gt;</a>&nbsp;&nbsp;&nbsp;OS_StatTask
<LI><a href="#[35f]">&gt;&gt;</a>&nbsp;&nbsp;&nbsp;OSStatReset
<LI><a href="#[35c]">&gt;&gt;</a>&nbsp;&nbsp;&nbsp;OS_SemPost
<LI><a href="#[9d]">&gt;&gt;</a>&nbsp;&nbsp;&nbsp;OS_IdleTask
<LI><a href="#[358]">&gt;&gt;</a>&nbsp;&nbsp;&nbsp;OSSched
<LI><a href="#[354]">&gt;&gt;</a>&nbsp;&nbsp;&nbsp;OSIntExit
<LI><a href="#[32]">&gt;&gt;</a>&nbsp;&nbsp;&nbsp;OS_CPU_SysTickHandler
</UL>

<P><STRONG><a name="[4e4]"></a>CPU_WaitForInt</STRONG> (Thumb, 0 bytes, Stack size unknown bytes, cpu_a.o(.text), UNUSED)

<P><STRONG><a name="[4e5]"></a>CPU_WaitForExcept</STRONG> (Thumb, 0 bytes, Stack size unknown bytes, cpu_a.o(.text), UNUSED)

<P><STRONG><a name="[380]"></a>CPU_CntLeadZeros</STRONG> (Thumb, 0 bytes, Stack size unknown bytes, cpu_a.o(.text))
<BR><BR>[Called By]<UL><LI><a href="#[357]">&gt;&gt;</a>&nbsp;&nbsp;&nbsp;OS_PrioGetHighest
</UL>

<P><STRONG><a name="[4e6]"></a>CPU_CntTrailZeros</STRONG> (Thumb, 0 bytes, Stack size unknown bytes, cpu_a.o(.text), UNUSED)

<P><STRONG><a name="[4e7]"></a>CPU_RevBits</STRONG> (Thumb, 0 bytes, Stack size unknown bytes, cpu_a.o(.text), UNUSED)

<P><STRONG><a name="[4e8]"></a>___aeabi_memcpy8$move</STRONG> (Thumb, 0 bytes, Stack size 8 bytes, memmovea.o(.text), UNUSED)

<P><STRONG><a name="[21a]"></a>__aeabi_memcpy</STRONG> (Thumb, 64 bytes, Stack size 8 bytes, memmovea.o(.text))
<BR><BR>[Stack]<UL><LI>Max Depth = 8<LI>Call Chain = __aeabi_memcpy
</UL>
<BR>[Called By]<UL><LI><a href="#[c9]">&gt;&gt;</a>&nbsp;&nbsp;&nbsp;_ReadRectFromMemdev
<LI><a href="#[226]">&gt;&gt;</a>&nbsp;&nbsp;&nbsp;GUI_ALLOC_Realloc
<LI><a href="#[218]">&gt;&gt;</a>&nbsp;&nbsp;&nbsp;GUI_ALLOC_AllocInit
<LI><a href="#[130]">&gt;&gt;</a>&nbsp;&nbsp;&nbsp;_DrawBitmap
<LI><a href="#[144]">&gt;&gt;</a>&nbsp;&nbsp;&nbsp;_DrawBitmap
</UL>

<P><STRONG><a name="[20c]"></a>__aeabi_memcpy4</STRONG> (Thumb, 0 bytes, Stack size 8 bytes, memmovea.o(.text))
<BR><BR>[Stack]<UL><LI>Max Depth = 8<LI>Call Chain = __aeabi_memcpy4
</UL>
<BR>[Called By]<UL><LI><a href="#[20b]">&gt;&gt;</a>&nbsp;&nbsp;&nbsp;GUIDRV_FlexColor_SetFunc
<LI><a href="#[86]">&gt;&gt;</a>&nbsp;&nbsp;&nbsp;GUIDRV_FlexColor__SetLog2Phys
<LI><a href="#[214]">&gt;&gt;</a>&nbsp;&nbsp;&nbsp;GUITASK_CopyContext
<LI><a href="#[483]">&gt;&gt;</a>&nbsp;&nbsp;&nbsp;_EnlargeBlocks
<LI><a href="#[315]">&gt;&gt;</a>&nbsp;&nbsp;&nbsp;ICONVIEW_CreateUser
<LI><a href="#[2c2]">&gt;&gt;</a>&nbsp;&nbsp;&nbsp;GUI_SaveContext_W
<LI><a href="#[2c0]">&gt;&gt;</a>&nbsp;&nbsp;&nbsp;GUI_RestoreContext
<LI><a href="#[469]">&gt;&gt;</a>&nbsp;&nbsp;&nbsp;_DrawBitLine32BPP_DDB
</UL>

<P><STRONG><a name="[4a3]"></a>__aeabi_memmove</STRONG> (Thumb, 0 bytes, Stack size 8 bytes, memmovea.o(.text))
<BR><BR>[Stack]<UL><LI>Max Depth = 8<LI>Call Chain = __aeabi_memmove
</UL>
<BR>[Called By]<UL><LI><a href="#[222]">&gt;&gt;</a>&nbsp;&nbsp;&nbsp;_RemoveHoles
</UL>

<P><STRONG><a name="[4e9]"></a>__aeabi_memmove4</STRONG> (Thumb, 0 bytes, Stack size 8 bytes, memmovea.o(.text), UNUSED)

<P><STRONG><a name="[4ea]"></a>__aeabi_memmove8</STRONG> (Thumb, 0 bytes, Stack size 8 bytes, memmovea.o(.text), UNUSED)

<P><STRONG><a name="[170]"></a>__aeabi_memset</STRONG> (Thumb, 14 bytes, Stack size 0 bytes, memseta.o(.text))
<BR><BR>[Called By]<UL><LI><a href="#[151]">&gt;&gt;</a>&nbsp;&nbsp;&nbsp;GUI_USAGE_BM_AddHLine
<LI><a href="#[171]">&gt;&gt;</a>&nbsp;&nbsp;&nbsp;_memset$wrapper
<LI><a href="#[16f]">&gt;&gt;</a>&nbsp;&nbsp;&nbsp;__aeabi_memclr
</UL>

<P><STRONG><a name="[4eb]"></a>__aeabi_memset4</STRONG> (Thumb, 0 bytes, Stack size 0 bytes, memseta.o(.text), UNUSED)

<P><STRONG><a name="[4ec]"></a>__aeabi_memset8</STRONG> (Thumb, 0 bytes, Stack size 0 bytes, memseta.o(.text), UNUSED)

<P><STRONG><a name="[16f]"></a>__aeabi_memclr</STRONG> (Thumb, 4 bytes, Stack size 0 bytes, memseta.o(.text), UNUSED)
<BR><BR>[Calls]<UL><LI><a href="#[170]">&gt;&gt;</a>&nbsp;&nbsp;&nbsp;__aeabi_memset
</UL>

<P><STRONG><a name="[1bb]"></a>__aeabi_memclr4</STRONG> (Thumb, 0 bytes, Stack size 0 bytes, memseta.o(.text))
<BR><BR>[Called By]<UL><LI><a href="#[318]">&gt;&gt;</a>&nbsp;&nbsp;&nbsp;ILI9341_FSMC_Config
<LI><a href="#[2f3]">&gt;&gt;</a>&nbsp;&nbsp;&nbsp;LCD_X_Config
<LI><a href="#[11]">&gt;&gt;</a>&nbsp;&nbsp;&nbsp;_Create
<LI><a href="#[4]">&gt;&gt;</a>&nbsp;&nbsp;&nbsp;_Create
<LI><a href="#[21]">&gt;&gt;</a>&nbsp;&nbsp;&nbsp;CHECKBOX__GetButtonSize
<LI><a href="#[152]">&gt;&gt;</a>&nbsp;&nbsp;&nbsp;GUI_USAGE_BM_Clear
</UL>

<P><STRONG><a name="[4ed]"></a>__aeabi_memclr8</STRONG> (Thumb, 0 bytes, Stack size 0 bytes, memseta.o(.text), UNUSED)

<P><STRONG><a name="[171]"></a>_memset$wrapper</STRONG> (Thumb, 18 bytes, Stack size 8 bytes, memseta.o(.text), UNUSED)
<BR><BR>[Calls]<UL><LI><a href="#[170]">&gt;&gt;</a>&nbsp;&nbsp;&nbsp;__aeabi_memset
</UL>

<P><STRONG><a name="[26f]"></a>strlen</STRONG> (Thumb, 14 bytes, Stack size 0 bytes, strlen.o(.text))
<BR><BR>[Called By]<UL><LI><a href="#[b1]">&gt;&gt;</a>&nbsp;&nbsp;&nbsp;MULTIPAGE_DrawSkinFlex
<LI><a href="#[1c2]">&gt;&gt;</a>&nbsp;&nbsp;&nbsp;ICONVIEW_AddBitmapItem
<LI><a href="#[26d]">&gt;&gt;</a>&nbsp;&nbsp;&nbsp;GUI_ErrorOut1
<LI><a href="#[3b1]">&gt;&gt;</a>&nbsp;&nbsp;&nbsp;TEXT_CreateUser
</UL>

<P><STRONG><a name="[2df]"></a>memcmp</STRONG> (Thumb, 26 bytes, Stack size 12 bytes, memcmp.o(.text))
<BR><BR>[Stack]<UL><LI>Max Depth = 12<LI>Call Chain = memcmp
</UL>
<BR>[Called By]<UL><LI><a href="#[2de]">&gt;&gt;</a>&nbsp;&nbsp;&nbsp;GUI_TOUCH_StoreStateEx
</UL>

<P><STRONG><a name="[30a]"></a>strcpy</STRONG> (Thumb, 18 bytes, Stack size 0 bytes, strcpy.o(.text))
<BR><BR>[Called By]<UL><LI><a href="#[1c2]">&gt;&gt;</a>&nbsp;&nbsp;&nbsp;ICONVIEW_AddBitmapItem
<LI><a href="#[3b1]">&gt;&gt;</a>&nbsp;&nbsp;&nbsp;TEXT_CreateUser
</UL>

<P><STRONG><a name="[4ee]"></a>__aeabi_uidiv</STRONG> (Thumb, 0 bytes, Stack size 12 bytes, uidiv.o(.text), UNUSED)

<P><STRONG><a name="[4b1]"></a>__aeabi_uidivmod</STRONG> (Thumb, 44 bytes, Stack size 12 bytes, uidiv.o(.text), UNUSED)
<BR><BR>[Called By]<UL><LI><a href="#[4af]">&gt;&gt;</a>&nbsp;&nbsp;&nbsp;_printf_core
</UL>

<P><STRONG><a name="[16e]"></a>__scatterload</STRONG> (Thumb, 28 bytes, Stack size 0 bytes, init.o(.text))
<BR><BR>[Calls]<UL><LI><a href="#[172]">&gt;&gt;</a>&nbsp;&nbsp;&nbsp;__main_after_scatterload
</UL>
<BR>[Called By]<UL><LI><a href="#[16d]">&gt;&gt;</a>&nbsp;&nbsp;&nbsp;_main_scatterload
</UL>

<P><STRONG><a name="[4ef]"></a>__scatterload_rt2</STRONG> (Thumb, 0 bytes, Stack size 0 bytes, init.o(.text), UNUSED)

<P><STRONG><a name="[4f0]"></a>__decompress</STRONG> (Thumb, 0 bytes, Stack size unknown bytes, __dczerorl2.o(.text), UNUSED)

<P><STRONG><a name="[4f1]"></a>__decompress1</STRONG> (Thumb, 86 bytes, Stack size unknown bytes, __dczerorl2.o(.text), UNUSED)

<P><STRONG><a name="[35e]"></a>OSStartHighRdy</STRONG> (Thumb, 0 bytes, Stack size unknown bytes, os_cpu_a.o(CODE))
<BR><BR>[Called By]<UL><LI><a href="#[35d]">&gt;&gt;</a>&nbsp;&nbsp;&nbsp;OSStart
</UL>

<P><STRONG><a name="[31]"></a>OS_CPU_PendSVHandler</STRONG> (Thumb, 0 bytes, Stack size unknown bytes, os_cpu_a.o(CODE))
<BR>[Address Reference Count : 1]<UL><LI> startup_stm32f10x_hd.o(RESET)
</UL>
<P><STRONG><a name="[190]"></a>BSP_CPU_ClkFreq</STRONG> (Thumb, 16 bytes, Stack size 24 bytes, bsp.o(i.BSP_CPU_ClkFreq))
<BR><BR>[Stack]<UL><LI>Max Depth = 32<LI>Call Chain = BSP_CPU_ClkFreq &rArr; RCC_GetClocksFreq
</UL>
<BR>[Calls]<UL><LI><a href="#[191]">&gt;&gt;</a>&nbsp;&nbsp;&nbsp;RCC_GetClocksFreq
</UL>
<BR>[Called By]<UL><LI><a href="#[1bd]">&gt;&gt;</a>&nbsp;&nbsp;&nbsp;CPU_TS_TmrInit
<LI><a href="#[182]">&gt;&gt;</a>&nbsp;&nbsp;&nbsp;BSP_Tick_Init
</UL>

<P><STRONG><a name="[180]"></a>BSP_Init</STRONG> (Thumb, 156 bytes, Stack size 24 bytes, bsp.o(i.BSP_Init))
<BR><BR>[Stack]<UL><LI>Max Depth = 484 + Unknown Stack Size
<LI>Call Chain = BSP_Init &rArr; GUI_Init &rArr; GUI__Config &rArr; LCD_X_Config &rArr; GUI_DEVICE_CreateAndLink &rArr; GUI_DEVICE_Create &rArr; GUI_ALLOC_GetFixedBlock &rArr; _InitOnce &rArr; _EnlargeBlocks &rArr; GUI_ALLOC_Free &rArr; GUI_Lock &rArr; GUI_X_Lock &rArr; OSSemPend &rArr; OS_Pend &rArr; OS_TaskBlock &rArr; OS_TickListInsert
</UL>
<BR>[Calls]<UL><LI><a href="#[192]">&gt;&gt;</a>&nbsp;&nbsp;&nbsp;RCC_AHBPeriphClockCmd
<LI><a href="#[19d]">&gt;&gt;</a>&nbsp;&nbsp;&nbsp;f_mount
<LI><a href="#[199]">&gt;&gt;</a>&nbsp;&nbsp;&nbsp;XPT2046_Init
<LI><a href="#[19a]">&gt;&gt;</a>&nbsp;&nbsp;&nbsp;WM_SetCreateFlags
<LI><a href="#[198]">&gt;&gt;</a>&nbsp;&nbsp;&nbsp;USART1_Config
<LI><a href="#[19e]">&gt;&gt;</a>&nbsp;&nbsp;&nbsp;SPI_FLASH_BufferRead
<LI><a href="#[194]">&gt;&gt;</a>&nbsp;&nbsp;&nbsp;LED_GPIO_Config
<LI><a href="#[196]">&gt;&gt;</a>&nbsp;&nbsp;&nbsp;Key2_GPIO_Config
<LI><a href="#[195]">&gt;&gt;</a>&nbsp;&nbsp;&nbsp;Key1_GPIO_Config
<LI><a href="#[19b]">&gt;&gt;</a>&nbsp;&nbsp;&nbsp;ILI9341_Init
<LI><a href="#[19f]">&gt;&gt;</a>&nbsp;&nbsp;&nbsp;GUI_TOUCH_Calibrate
<LI><a href="#[19c]">&gt;&gt;</a>&nbsp;&nbsp;&nbsp;GUI_Init
<LI><a href="#[197]">&gt;&gt;</a>&nbsp;&nbsp;&nbsp;Beep_Init
<LI><a href="#[193]">&gt;&gt;</a>&nbsp;&nbsp;&nbsp;Bsp_NVIC_Configuration
</UL>
<BR>[Called By]<UL><LI><a href="#[db]">&gt;&gt;</a>&nbsp;&nbsp;&nbsp;AppTaskStart
</UL>

<P><STRONG><a name="[182]"></a>BSP_Tick_Init</STRONG> (Thumb, 22 bytes, Stack size 8 bytes, bsp.o(i.BSP_Tick_Init))
<BR><BR>[Stack]<UL><LI>Max Depth = 40<LI>Call Chain = BSP_Tick_Init &rArr; BSP_CPU_ClkFreq &rArr; RCC_GetClocksFreq
</UL>
<BR>[Calls]<UL><LI><a href="#[190]">&gt;&gt;</a>&nbsp;&nbsp;&nbsp;BSP_CPU_ClkFreq
<LI><a href="#[1a0]">&gt;&gt;</a>&nbsp;&nbsp;&nbsp;OS_CPU_SysTickInit
</UL>
<BR>[Called By]<UL><LI><a href="#[db]">&gt;&gt;</a>&nbsp;&nbsp;&nbsp;AppTaskStart
</UL>

<P><STRONG><a name="[aa]"></a>BUTTON_DrawSkinFlex</STRONG> (Thumb, 562 bytes, Stack size 56 bytes, button_skinflex.o(i.BUTTON_DrawSkinFlex))
<BR><BR>[Stack]<UL><LI>Max Depth = 420 + Unknown Stack Size
<LI>Call Chain = BUTTON_DrawSkinFlex &rArr; GUI__DrawTwinArc4 &rArr; _DrawTwinArc4 &rArr; GUI_SetColor &rArr; GUI_Lock &rArr; GUI_X_Lock &rArr; OSSemPend &rArr; OS_Pend &rArr; OS_TaskBlock &rArr; OS_TickListInsert
</UL>
<BR>[Calls]<UL><LI><a href="#[1ab]">&gt;&gt;</a>&nbsp;&nbsp;&nbsp;GUI_SetFont
<LI><a href="#[1a2]">&gt;&gt;</a>&nbsp;&nbsp;&nbsp;GUI_SetColor
<LI><a href="#[1af]">&gt;&gt;</a>&nbsp;&nbsp;&nbsp;GUI_DispStringInRect
<LI><a href="#[1ac]">&gt;&gt;</a>&nbsp;&nbsp;&nbsp;GUI_GetClientRect
<LI><a href="#[1a9]">&gt;&gt;</a>&nbsp;&nbsp;&nbsp;GUI_ALLOC_UnlockH
<LI><a href="#[1a7]">&gt;&gt;</a>&nbsp;&nbsp;&nbsp;GUI_ALLOC_LockH
<LI><a href="#[1a8]">&gt;&gt;</a>&nbsp;&nbsp;&nbsp;WM__IsEnabled
<LI><a href="#[1a1]">&gt;&gt;</a>&nbsp;&nbsp;&nbsp;GUI__DrawTwinArc4
<LI><a href="#[1ae]">&gt;&gt;</a>&nbsp;&nbsp;&nbsp;GUI_SetTextMode
<LI><a href="#[1ad]">&gt;&gt;</a>&nbsp;&nbsp;&nbsp;GUI_MoveRect
<LI><a href="#[1a5]">&gt;&gt;</a>&nbsp;&nbsp;&nbsp;GUI_FillRect
<LI><a href="#[1a4]">&gt;&gt;</a>&nbsp;&nbsp;&nbsp;GUI_DrawVLine
<LI><a href="#[1a6]">&gt;&gt;</a>&nbsp;&nbsp;&nbsp;GUI_DrawRect
<LI><a href="#[1a3]">&gt;&gt;</a>&nbsp;&nbsp;&nbsp;GUI_DrawHLine
<LI><a href="#[a6]">&gt;&gt;</a>&nbsp;&nbsp;&nbsp;GUI_DrawGradientV
<LI><a href="#[1aa]">&gt;&gt;</a>&nbsp;&nbsp;&nbsp;GUI_DRAW__Draw
<LI><a href="#[1b0]">&gt;&gt;</a>&nbsp;&nbsp;&nbsp;WM_SetHasTrans
</UL>
<BR>[Address Reference Count : 1]<UL><LI> app.o(i.UserAPP)
</UL>
<P><STRONG><a name="[3d6]"></a>BUTTON_SetDefaultSkin</STRONG> (Thumb, 16 bytes, Stack size 0 bytes, button_skin.o(i.BUTTON_SetDefaultSkin))
<BR><BR>[Called By]<UL><LI><a href="#[18f]">&gt;&gt;</a>&nbsp;&nbsp;&nbsp;UserAPP
</UL>

<P><STRONG><a name="[197]"></a>Beep_Init</STRONG> (Thumb, 50 bytes, Stack size 16 bytes, beep.o(i.Beep_Init))
<BR><BR>[Stack]<UL><LI>Max Depth = 40<LI>Call Chain = Beep_Init &rArr; GPIO_Init
</UL>
<BR>[Calls]<UL><LI><a href="#[18c]">&gt;&gt;</a>&nbsp;&nbsp;&nbsp;GPIO_ResetBits
<LI><a href="#[1b2]">&gt;&gt;</a>&nbsp;&nbsp;&nbsp;GPIO_Init
<LI><a href="#[1b1]">&gt;&gt;</a>&nbsp;&nbsp;&nbsp;RCC_APB2PeriphClockCmd
</UL>
<BR>[Called By]<UL><LI><a href="#[180]">&gt;&gt;</a>&nbsp;&nbsp;&nbsp;BSP_Init
</UL>

<P><STRONG><a name="[2d]"></a>BusFault_Handler</STRONG> (Thumb, 2 bytes, Stack size 0 bytes, stm32f10x_it.o(i.BusFault_Handler))
<BR><BR>[Calls]<UL><LI><a href="#[2d]">&gt;&gt;</a>&nbsp;&nbsp;&nbsp;BusFault_Handler
</UL>
<BR>[Called By]<UL><LI><a href="#[2d]">&gt;&gt;</a>&nbsp;&nbsp;&nbsp;BusFault_Handler
</UL>
<BR>[Address Reference Count : 1]<UL><LI> startup_stm32f10x_hd.o(RESET)
</UL>
<P><STRONG><a name="[ab]"></a>CHECKBOX_DrawSkinFlex</STRONG> (Thumb, 216 bytes, Stack size 48 bytes, checkbox_skinflex.o(i.CHECKBOX_DrawSkinFlex))
<BR><BR>[Stack]<UL><LI>Max Depth = 428 + Unknown Stack Size
<LI>Call Chain = CHECKBOX_DrawSkinFlex &rArr; _DrawBitmap &rArr; _GenCheck &rArr; GUI_ALLOC_GetFixedBlock &rArr; _InitOnce &rArr; _EnlargeBlocks &rArr; GUI_ALLOC_Free &rArr; GUI_Lock &rArr; GUI_X_Lock &rArr; OSSemPend &rArr; OS_Pend &rArr; OS_TaskBlock &rArr; OS_TickListInsert
</UL>
<BR>[Calls]<UL><LI><a href="#[1ab]">&gt;&gt;</a>&nbsp;&nbsp;&nbsp;GUI_SetFont
<LI><a href="#[1a2]">&gt;&gt;</a>&nbsp;&nbsp;&nbsp;GUI_SetColor
<LI><a href="#[1af]">&gt;&gt;</a>&nbsp;&nbsp;&nbsp;GUI_DispStringInRect
<LI><a href="#[1a9]">&gt;&gt;</a>&nbsp;&nbsp;&nbsp;GUI_ALLOC_UnlockH
<LI><a href="#[1a7]">&gt;&gt;</a>&nbsp;&nbsp;&nbsp;GUI_ALLOC_LockH
<LI><a href="#[1b7]">&gt;&gt;</a>&nbsp;&nbsp;&nbsp;WM_GetClientRect
<LI><a href="#[1b6]">&gt;&gt;</a>&nbsp;&nbsp;&nbsp;CHECKBOX_GetSkinFlexButtonSize
<LI><a href="#[1b8]">&gt;&gt;</a>&nbsp;&nbsp;&nbsp;_DrawFocus
<LI><a href="#[1b5]">&gt;&gt;</a>&nbsp;&nbsp;&nbsp;_DrawBitmap
<LI><a href="#[1b4]">&gt;&gt;</a>&nbsp;&nbsp;&nbsp;_DrawBackground
<LI><a href="#[1a8]">&gt;&gt;</a>&nbsp;&nbsp;&nbsp;WM__IsEnabled
<LI><a href="#[1ae]">&gt;&gt;</a>&nbsp;&nbsp;&nbsp;GUI_SetTextMode
<LI><a href="#[1b0]">&gt;&gt;</a>&nbsp;&nbsp;&nbsp;WM_SetHasTrans
</UL>
<BR>[Address Reference Count : 1]<UL><LI> app.o(i.UserAPP)
</UL>
<P><STRONG><a name="[1b6]"></a>CHECKBOX_GetSkinFlexButtonSize</STRONG> (Thumb, 32 bytes, Stack size 16 bytes, checkbox_skinflex.o(i.CHECKBOX_GetSkinFlexButtonSize))
<BR><BR>[Stack]<UL><LI>Max Depth = 180 + Unknown Stack Size
<LI>Call Chain = CHECKBOX_GetSkinFlexButtonSize &rArr; GUI_Lock &rArr; GUI_X_Lock &rArr; OSSemPend &rArr; OS_Pend &rArr; OS_TaskBlock &rArr; OS_TickListInsert
</UL>
<BR>[Calls]<UL><LI><a href="#[1ba]">&gt;&gt;</a>&nbsp;&nbsp;&nbsp;GUI_Unlock
<LI><a href="#[1b9]">&gt;&gt;</a>&nbsp;&nbsp;&nbsp;GUI_Lock
<LI><a href="#[1a9]">&gt;&gt;</a>&nbsp;&nbsp;&nbsp;GUI_ALLOC_UnlockH
<LI><a href="#[1a7]">&gt;&gt;</a>&nbsp;&nbsp;&nbsp;GUI_ALLOC_LockH
</UL>
<BR>[Called By]<UL><LI><a href="#[ab]">&gt;&gt;</a>&nbsp;&nbsp;&nbsp;CHECKBOX_DrawSkinFlex
<LI><a href="#[1b8]">&gt;&gt;</a>&nbsp;&nbsp;&nbsp;_DrawFocus
<LI><a href="#[1b5]">&gt;&gt;</a>&nbsp;&nbsp;&nbsp;_DrawBitmap
<LI><a href="#[1b4]">&gt;&gt;</a>&nbsp;&nbsp;&nbsp;_DrawBackground
</UL>

<P><STRONG><a name="[3d7]"></a>CHECKBOX_SetDefaultSkin</STRONG> (Thumb, 16 bytes, Stack size 0 bytes, checkbox_skin.o(i.CHECKBOX_SetDefaultSkin))
<BR><BR>[Called By]<UL><LI><a href="#[18f]">&gt;&gt;</a>&nbsp;&nbsp;&nbsp;UserAPP
</UL>

<P><STRONG><a name="[21]"></a>CHECKBOX__GetButtonSize</STRONG> (Thumb, 32 bytes, Stack size 40 bytes, checkbox.o(i.CHECKBOX__GetButtonSize))
<BR><BR>[Stack]<UL><LI>Max Depth = 40<LI>Call Chain = CHECKBOX__GetButtonSize
</UL>
<BR>[Calls]<UL><LI><a href="#[1bb]">&gt;&gt;</a>&nbsp;&nbsp;&nbsp;__aeabi_memclr4
</UL>
<BR>[Address Reference Count : 1]<UL><LI> checkbox.o(.data)
</UL>
<P><STRONG><a name="[181]"></a>CPU_Init</STRONG> (Thumb, 4 bytes, Stack size 0 bytes, cpu_core.o(i.CPU_Init))
<BR><BR>[Called By]<UL><LI><a href="#[db]">&gt;&gt;</a>&nbsp;&nbsp;&nbsp;AppTaskStart
</UL>

<P><STRONG><a name="[1be]"></a>CPU_TS_TmrFreqSet</STRONG> (Thumb, 6 bytes, Stack size 0 bytes, cpu_core.o(i.CPU_TS_TmrFreqSet), UNUSED)
<BR><BR>[Called By]<UL><LI><a href="#[1bd]">&gt;&gt;</a>&nbsp;&nbsp;&nbsp;CPU_TS_TmrInit
</UL>

<P><STRONG><a name="[1bd]"></a>CPU_TS_TmrInit</STRONG> (Thumb, 38 bytes, Stack size 8 bytes, bsp.o(i.CPU_TS_TmrInit), UNUSED)
<BR><BR>[Calls]<UL><LI><a href="#[1be]">&gt;&gt;</a>&nbsp;&nbsp;&nbsp;CPU_TS_TmrFreqSet
<LI><a href="#[190]">&gt;&gt;</a>&nbsp;&nbsp;&nbsp;BSP_CPU_ClkFreq
</UL>
<BR>[Called By]<UL><LI><a href="#[1bc]">&gt;&gt;</a>&nbsp;&nbsp;&nbsp;CPU_TS_Init
</UL>

<P><STRONG><a name="[35b]"></a>CPU_TS_TmrRd</STRONG> (Thumb, 6 bytes, Stack size 0 bytes, bsp.o(i.CPU_TS_TmrRd))
<BR><BR>[Called By]<UL><LI><a href="#[189]">&gt;&gt;</a>&nbsp;&nbsp;&nbsp;bsp_DelayUS
<LI><a href="#[187]">&gt;&gt;</a>&nbsp;&nbsp;&nbsp;OSSemPost
<LI><a href="#[386]">&gt;&gt;</a>&nbsp;&nbsp;&nbsp;OS_TickListUpdate
<LI><a href="#[364]">&gt;&gt;</a>&nbsp;&nbsp;&nbsp;OS_TaskInitTCB
<LI><a href="#[372]">&gt;&gt;</a>&nbsp;&nbsp;&nbsp;OSTaskSemPost
<LI><a href="#[371]">&gt;&gt;</a>&nbsp;&nbsp;&nbsp;OSTaskSemPend
<LI><a href="#[9e]">&gt;&gt;</a>&nbsp;&nbsp;&nbsp;OS_StatTask
<LI><a href="#[72]">&gt;&gt;</a>&nbsp;&nbsp;&nbsp;OSTaskSwHook
<LI><a href="#[a0]">&gt;&gt;</a>&nbsp;&nbsp;&nbsp;OS_TmrTask
</UL>

<P><STRONG><a name="[3f1]"></a>DIALOG_GetBkColor</STRONG> (Thumb, 6 bytes, Stack size 0 bytes, dialog.o(i.DIALOG_GetBkColor))
<BR><BR>[Called By]<UL><LI><a href="#[3ef]">&gt;&gt;</a>&nbsp;&nbsp;&nbsp;WIDGET__GetBkColor
</UL>

<P><STRONG><a name="[ac]"></a>DROPDOWN_DrawSkinFlex</STRONG> (Thumb, 166 bytes, Stack size 24 bytes, dropdown_skinflex.o(i.DROPDOWN_DrawSkinFlex))
<BR><BR>[Stack]<UL><LI>Max Depth = 420 + Unknown Stack Size
<LI>Call Chain = DROPDOWN_DrawSkinFlex &rArr; _DrawBackground &rArr; GUI__DrawTwinArc4 &rArr; _DrawTwinArc4 &rArr; GUI_SetColor &rArr; GUI_Lock &rArr; GUI_X_Lock &rArr; OSSemPend &rArr; OS_Pend &rArr; OS_TaskBlock &rArr; OS_TickListInsert
</UL>
<BR>[Calls]<UL><LI><a href="#[1a2]">&gt;&gt;</a>&nbsp;&nbsp;&nbsp;GUI_SetColor
<LI><a href="#[1a9]">&gt;&gt;</a>&nbsp;&nbsp;&nbsp;GUI_ALLOC_UnlockH
<LI><a href="#[1a7]">&gt;&gt;</a>&nbsp;&nbsp;&nbsp;GUI_ALLOC_LockH
<LI><a href="#[1d0]">&gt;&gt;</a>&nbsp;&nbsp;&nbsp;_DrawText
<LI><a href="#[1cf]">&gt;&gt;</a>&nbsp;&nbsp;&nbsp;_DrawBackground
<LI><a href="#[1a8]">&gt;&gt;</a>&nbsp;&nbsp;&nbsp;WM__IsEnabled
<LI><a href="#[1a3]">&gt;&gt;</a>&nbsp;&nbsp;&nbsp;GUI_DrawHLine
<LI><a href="#[1b0]">&gt;&gt;</a>&nbsp;&nbsp;&nbsp;WM_SetHasTrans
</UL>
<BR>[Address Reference Count : 1]<UL><LI> app.o(i.UserAPP)
</UL>
<P><STRONG><a name="[3d8]"></a>DROPDOWN_SetDefaultSkin</STRONG> (Thumb, 16 bytes, Stack size 0 bytes, dropdown_skin.o(i.DROPDOWN_SetDefaultSkin))
<BR><BR>[Called By]<UL><LI><a href="#[18f]">&gt;&gt;</a>&nbsp;&nbsp;&nbsp;UserAPP
</UL>

<P><STRONG><a name="[1d1]"></a>DROPDOWN__GetpItemLocked</STRONG> (Thumb, 42 bytes, Stack size 16 bytes, dropdown.o(i.DROPDOWN__GetpItemLocked))
<BR><BR>[Stack]<UL><LI>Max Depth = 48<LI>Call Chain = DROPDOWN__GetpItemLocked &rArr; GUI_ARRAY_GethItem &rArr; GUI_ARRAY__GethItem
</UL>
<BR>[Calls]<UL><LI><a href="#[1a9]">&gt;&gt;</a>&nbsp;&nbsp;&nbsp;GUI_ALLOC_UnlockH
<LI><a href="#[1a7]">&gt;&gt;</a>&nbsp;&nbsp;&nbsp;GUI_ALLOC_LockH
<LI><a href="#[1d2]">&gt;&gt;</a>&nbsp;&nbsp;&nbsp;GUI_ARRAY_GethItem
</UL>
<BR>[Called By]<UL><LI><a href="#[7]">&gt;&gt;</a>&nbsp;&nbsp;&nbsp;_Paint
<LI><a href="#[159]">&gt;&gt;</a>&nbsp;&nbsp;&nbsp;_Paint
</UL>

<P><STRONG><a name="[30]"></a>DebugMon_Handler</STRONG> (Thumb, 2 bytes, Stack size 0 bytes, stm32f10x_it.o(i.DebugMon_Handler))
<BR>[Address Reference Count : 1]<UL><LI> startup_stm32f10x_hd.o(RESET)
</UL>
<P><STRONG><a name="[a]"></a>FRAMEWIN_DrawSkinFlex</STRONG> (Thumb, 888 bytes, Stack size 104 bytes, framewin_skinflex.o(i.FRAMEWIN_DrawSkinFlex))
<BR><BR>[Stack]<UL><LI>Max Depth = 428 + Unknown Stack Size
<LI>Call Chain = FRAMEWIN_DrawSkinFlex &rArr; GUI_DispStringInRect &rArr; GUI_DispStringInRectMax &rArr; GUI__DispStringInRect &rArr; GUI__GetLineDistX &rArr; GUI__GetOverlap &rArr; GUI_GetCharDistXEx &rArr; GUI_Lock &rArr; GUI_X_Lock &rArr; OSSemPend &rArr; OS_Pend &rArr; OS_TaskBlock &rArr; OS_TickListInsert
</UL>
<BR>[Calls]<UL><LI><a href="#[1ab]">&gt;&gt;</a>&nbsp;&nbsp;&nbsp;GUI_SetFont
<LI><a href="#[1a2]">&gt;&gt;</a>&nbsp;&nbsp;&nbsp;GUI_SetColor
<LI><a href="#[1af]">&gt;&gt;</a>&nbsp;&nbsp;&nbsp;GUI_DispStringInRect
<LI><a href="#[1a9]">&gt;&gt;</a>&nbsp;&nbsp;&nbsp;GUI_ALLOC_UnlockH
<LI><a href="#[1a7]">&gt;&gt;</a>&nbsp;&nbsp;&nbsp;GUI_ALLOC_LockH
<LI><a href="#[1d4]">&gt;&gt;</a>&nbsp;&nbsp;&nbsp;GUI__DrawTwinArc2
<LI><a href="#[1d6]">&gt;&gt;</a>&nbsp;&nbsp;&nbsp;GUI_FillRectEx
<LI><a href="#[1d5]">&gt;&gt;</a>&nbsp;&nbsp;&nbsp;GUI_DrawPixel
<LI><a href="#[1d3]">&gt;&gt;</a>&nbsp;&nbsp;&nbsp;FRAMEWIN_GetActive
<LI><a href="#[1ae]">&gt;&gt;</a>&nbsp;&nbsp;&nbsp;GUI_SetTextMode
<LI><a href="#[1a5]">&gt;&gt;</a>&nbsp;&nbsp;&nbsp;GUI_FillRect
<LI><a href="#[1a4]">&gt;&gt;</a>&nbsp;&nbsp;&nbsp;GUI_DrawVLine
<LI><a href="#[1a3]">&gt;&gt;</a>&nbsp;&nbsp;&nbsp;GUI_DrawHLine
<LI><a href="#[a6]">&gt;&gt;</a>&nbsp;&nbsp;&nbsp;GUI_DrawGradientV
<LI><a href="#[1b0]">&gt;&gt;</a>&nbsp;&nbsp;&nbsp;WM_SetHasTrans
</UL>
<BR>[Address Reference Count : 2]<UL><LI> app.o(i.UserAPP)
<LI> framewin_skin.o(.data)
</UL>
<P><STRONG><a name="[1d3]"></a>FRAMEWIN_GetActive</STRONG> (Thumb, 46 bytes, Stack size 16 bytes, framewin_get.o(i.FRAMEWIN_GetActive))
<BR><BR>[Stack]<UL><LI>Max Depth = 180 + Unknown Stack Size
<LI>Call Chain = FRAMEWIN_GetActive &rArr; GUI_Lock &rArr; GUI_X_Lock &rArr; OSSemPend &rArr; OS_Pend &rArr; OS_TaskBlock &rArr; OS_TickListInsert
</UL>
<BR>[Calls]<UL><LI><a href="#[1ba]">&gt;&gt;</a>&nbsp;&nbsp;&nbsp;GUI_Unlock
<LI><a href="#[1b9]">&gt;&gt;</a>&nbsp;&nbsp;&nbsp;GUI_Lock
<LI><a href="#[1a9]">&gt;&gt;</a>&nbsp;&nbsp;&nbsp;GUI_ALLOC_UnlockH
<LI><a href="#[1a7]">&gt;&gt;</a>&nbsp;&nbsp;&nbsp;GUI_ALLOC_LockH
</UL>
<BR>[Called By]<UL><LI><a href="#[a]">&gt;&gt;</a>&nbsp;&nbsp;&nbsp;FRAMEWIN_DrawSkinFlex
</UL>

<P><STRONG><a name="[b9]"></a>FRAMEWIN_OwnerDraw</STRONG> (Thumb, 182 bytes, Stack size 56 bytes, framewin_skinclassic.o(i.FRAMEWIN_OwnerDraw))
[...]
<LI><a href="#[22c]">&gt;&gt;</a>&nbsp;&nbsp;&nbsp;GUI_ARRAY_GetNumItems
</UL>
<BR>[Address Reference Count : 1]<UL><LI> multipage_skinclassic.o(i._Create)
</UL>
<P><STRONG><a name="[15f]"></a>_Paint</STRONG> (Thumb, 260 bytes, Stack size 96 bytes, multipage_skinclassic.o(i._Paint))
<BR><BR>[Stack]<UL><LI>Max Depth = 428 + Unknown Stack Size
<LI>Call Chain = _Paint &rArr; MULTIPAGE__GetTextRect &rArr; _GetTextWidth &rArr; MULTIPAGE__GetPagePos &rArr; MULTIPAGE__GetPageSize &rArr; GUI_GetStringDistX &rArr; GUI__GetLineDistX &rArr; GUI__GetOverlap &rArr; GUI_GetCharDistXEx &rArr; GUI_Lock &rArr; GUI_X_Lock &rArr; OSSemPend &rArr; OS_Pend &rArr; OS_TaskBlock &rArr; OS_TickListInsert
</UL>
<BR>[Calls]<UL><LI><a href="#[1ab]">&gt;&gt;</a>&nbsp;&nbsp;&nbsp;GUI_SetFont
<LI><a href="#[25b]">&gt;&gt;</a>&nbsp;&nbsp;&nbsp;WM_SetUserClipRect
<LI><a href="#[1a9]">&gt;&gt;</a>&nbsp;&nbsp;&nbsp;GUI_ALLOC_UnlockH
<LI><a href="#[1a7]">&gt;&gt;</a>&nbsp;&nbsp;&nbsp;GUI_ALLOC_LockH
<LI><a href="#[342]">&gt;&gt;</a>&nbsp;&nbsp;&nbsp;MULTIPAGE__GetTextRect
<LI><a href="#[340]">&gt;&gt;</a>&nbsp;&nbsp;&nbsp;MULTIPAGE__GetPagePos
<LI><a href="#[33d]">&gt;&gt;</a>&nbsp;&nbsp;&nbsp;MULTIPAGE__CalcBorderRect
<LI><a href="#[22e]">&gt;&gt;</a>&nbsp;&nbsp;&nbsp;GUI_ARRAY_GetpItemLocked
<LI><a href="#[22c]">&gt;&gt;</a>&nbsp;&nbsp;&nbsp;GUI_ARRAY_GetNumItems
<LI><a href="#[282]">&gt;&gt;</a>&nbsp;&nbsp;&nbsp;GUI_GetStringDistX
</UL>
<BR>[Address Reference Count : 1]<UL><LI> multipage_skinclassic.o(.constdata)
</UL>
<P><STRONG><a name="[162]"></a>_Create</STRONG> (Thumb, 2 bytes, Stack size 0 bytes, progbar_skinclassic.o(i._Create))
<BR>[Address Reference Count : 1]<UL><LI> progbar_skinclassic.o(.constdata)
</UL>
<P><STRONG><a name="[480]"></a>_DrawPart</STRONG> (Thumb, 56 bytes, Stack size 24 bytes, progbar_skinclassic.o(i._DrawPart))
<BR><BR>[Stack]<UL><LI>Max Depth = 284 + Unknown Stack Size
<LI>Call Chain = _DrawPart &rArr; GUI_DispString &rArr; GUI__GetLineDistX &rArr; GUI__GetOverlap &rArr; GUI_GetCharDistXEx &rArr; GUI_Lock &rArr; GUI_X_Lock &rArr; OSSemPend &rArr; OS_Pend &rArr; OS_TaskBlock &rArr; OS_TickListInsert
</UL>
<BR>[Calls]<UL><LI><a href="#[239]">&gt;&gt;</a>&nbsp;&nbsp;&nbsp;GUI_Clear
<LI><a href="#[1d9]">&gt;&gt;</a>&nbsp;&nbsp;&nbsp;LCD_SetColor
<LI><a href="#[1d8]">&gt;&gt;</a>&nbsp;&nbsp;&nbsp;LCD_SetBkColor
<LI><a href="#[23a]">&gt;&gt;</a>&nbsp;&nbsp;&nbsp;GUI_GotoXY
<LI><a href="#[250]">&gt;&gt;</a>&nbsp;&nbsp;&nbsp;GUI_DispString
</UL>
<BR>[Called By]<UL><LI><a href="#[161]">&gt;&gt;</a>&nbsp;&nbsp;&nbsp;_Paint
</UL>

<P><STRONG><a name="[161]"></a>_Paint</STRONG> (Thumb, 268 bytes, Stack size 64 bytes, progbar_skinclassic.o(i._Paint))
<BR><BR>[Stack]<UL><LI>Max Depth = 348 + Unknown Stack Size
<LI>Call Chain = _Paint &rArr; _DrawPart &rArr; GUI_DispString &rArr; GUI__GetLineDistX &rArr; GUI__GetOverlap &rArr; GUI_GetCharDistXEx &rArr; GUI_Lock &rArr; GUI_X_Lock &rArr; OSSemPend &rArr; OS_Pend &rArr; OS_TaskBlock &rArr; OS_TickListInsert
</UL>
<BR>[Calls]<UL><LI><a href="#[1ab]">&gt;&gt;</a>&nbsp;&nbsp;&nbsp;GUI_SetFont
<LI><a href="#[25b]">&gt;&gt;</a>&nbsp;&nbsp;&nbsp;WM_SetUserClipRect
<LI><a href="#[1a9]">&gt;&gt;</a>&nbsp;&nbsp;&nbsp;GUI_ALLOC_UnlockH
<LI><a href="#[1a7]">&gt;&gt;</a>&nbsp;&nbsp;&nbsp;GUI_ALLOC_LockH
<LI><a href="#[49d]">&gt;&gt;</a>&nbsp;&nbsp;&nbsp;PROGBAR__Value2Pos
<LI><a href="#[38c]">&gt;&gt;</a>&nbsp;&nbsp;&nbsp;PROGBAR__GetTextRect
<LI><a href="#[38b]">&gt;&gt;</a>&nbsp;&nbsp;&nbsp;PROGBAR__GetTextLocked
<LI><a href="#[266]">&gt;&gt;</a>&nbsp;&nbsp;&nbsp;GUI__ReduceRect
<LI><a href="#[1b7]">&gt;&gt;</a>&nbsp;&nbsp;&nbsp;WM_GetClientRect
<LI><a href="#[1ae]">&gt;&gt;</a>&nbsp;&nbsp;&nbsp;GUI_SetTextMode
<LI><a href="#[3ea]">&gt;&gt;</a>&nbsp;&nbsp;&nbsp;WIDGET__EFFECT_DrawDownRect
<LI><a href="#[480]">&gt;&gt;</a>&nbsp;&nbsp;&nbsp;_DrawPart
</UL>
<BR>[Address Reference Count : 1]<UL><LI> progbar_skinclassic.o(.constdata)
</UL>
<P><STRONG><a name="[164]"></a>_Create</STRONG> (Thumb, 2 bytes, Stack size 0 bytes, radio_skinclassic.o(i._Create))
<BR>[Address Reference Count : 1]<UL><LI> radio_skinclassic.o(.constdata)
</UL>
<P><STRONG><a name="[28]"></a>_GetButtonSize</STRONG> (Thumb, 22 bytes, Stack size 16 bytes, radio_skinclassic.o(i._GetButtonSize))
<BR><BR>[Stack]<UL><LI>Max Depth = 16<LI>Call Chain = _GetButtonSize
</UL>
<BR>[Calls]<UL><LI><a href="#[1a9]">&gt;&gt;</a>&nbsp;&nbsp;&nbsp;GUI_ALLOC_UnlockH
<LI><a href="#[1a7]">&gt;&gt;</a>&nbsp;&nbsp;&nbsp;GUI_ALLOC_LockH
</UL>
<BR>[Address Reference Count : 1]<UL><LI> radio_skinclassic.o(.data)
</UL>
<P><STRONG><a name="[163]"></a>_Paint</STRONG> (Thumb, 460 bytes, Stack size 120 bytes, radio_skinclassic.o(i._Paint))
<BR><BR>[Stack]<UL><LI>Max Depth = 396 + Unknown Stack Size
<LI>Call Chain = _Paint &rArr; GUI_DispStringAt &rArr; GUI_DispString &rArr; GUI__GetLineDistX &rArr; GUI__GetOverlap &rArr; GUI_GetCharDistXEx &rArr; GUI_Lock &rArr; GUI_X_Lock &rArr; OSSemPend &rArr; OS_Pend &rArr; OS_TaskBlock &rArr; OS_TickListInsert
</UL>
<BR>[Calls]<UL><LI><a href="#[1ab]">&gt;&gt;</a>&nbsp;&nbsp;&nbsp;GUI_SetFont
<LI><a href="#[239]">&gt;&gt;</a>&nbsp;&nbsp;&nbsp;GUI_Clear
<LI><a href="#[251]">&gt;&gt;</a>&nbsp;&nbsp;&nbsp;GUI_GetFontDistY
<LI><a href="#[257]">&gt;&gt;</a>&nbsp;&nbsp;&nbsp;GUI_DispStringAt
<LI><a href="#[1d9]">&gt;&gt;</a>&nbsp;&nbsp;&nbsp;LCD_SetColor
<LI><a href="#[1d8]">&gt;&gt;</a>&nbsp;&nbsp;&nbsp;LCD_SetBkColor
<LI><a href="#[1a9]">&gt;&gt;</a>&nbsp;&nbsp;&nbsp;GUI_ALLOC_UnlockH
<LI><a href="#[1a7]">&gt;&gt;</a>&nbsp;&nbsp;&nbsp;GUI_ALLOC_LockH
<LI><a href="#[27b]">&gt;&gt;</a>&nbsp;&nbsp;&nbsp;GUI_GetFontInfo
<LI><a href="#[40e]">&gt;&gt;</a>&nbsp;&nbsp;&nbsp;WM_GetHasTrans
<LI><a href="#[266]">&gt;&gt;</a>&nbsp;&nbsp;&nbsp;GUI__ReduceRect
<LI><a href="#[3f2]">&gt;&gt;</a>&nbsp;&nbsp;&nbsp;WIDGET__GetClientRect
<LI><a href="#[22e]">&gt;&gt;</a>&nbsp;&nbsp;&nbsp;GUI_ARRAY_GetpItemLocked
<LI><a href="#[282]">&gt;&gt;</a>&nbsp;&nbsp;&nbsp;GUI_GetStringDistX
<LI><a href="#[265]">&gt;&gt;</a>&nbsp;&nbsp;&nbsp;GUI_DrawFocusRect
<LI><a href="#[264]">&gt;&gt;</a>&nbsp;&nbsp;&nbsp;GUI_DrawBitmap
<LI><a href="#[1a8]">&gt;&gt;</a>&nbsp;&nbsp;&nbsp;WM__IsEnabled
<LI><a href="#[1ae]">&gt;&gt;</a>&nbsp;&nbsp;&nbsp;GUI_SetTextMode
<LI><a href="#[1ad]">&gt;&gt;</a>&nbsp;&nbsp;&nbsp;GUI_MoveRect
</UL>
<BR>[Address Reference Count : 1]<UL><LI> radio_skinclassic.o(.constdata)
</UL>
<P><STRONG><a name="[bb]"></a>_CalcPositions</STRONG> (Thumb, 310 bytes, Stack size 48 bytes, scrollbar_skinclassic.o(i._CalcPositions))
<BR><BR>[Stack]<UL><LI>Max Depth = 436 + Unknown Stack Size
<LI>Call Chain = _CalcPositions &rArr; WM_GetScrollbarV &rArr; _GetDialogItem &rArr;  _GetDialogItem (Cycle)
</UL>
<BR>[Calls]<UL><LI><a href="#[1a9]">&gt;&gt;</a>&nbsp;&nbsp;&nbsp;GUI_ALLOC_UnlockH
<LI><a href="#[1a7]">&gt;&gt;</a>&nbsp;&nbsp;&nbsp;GUI_ALLOC_LockH
<LI><a href="#[411]">&gt;&gt;</a>&nbsp;&nbsp;&nbsp;WM_GetWindowRectEx
<LI><a href="#[455]">&gt;&gt;</a>&nbsp;&nbsp;&nbsp;SCROLLBAR__Rect2VRect
<LI><a href="#[456]">&gt;&gt;</a>&nbsp;&nbsp;&nbsp;GUI__DivideRound32
<LI><a href="#[312]">&gt;&gt;</a>&nbsp;&nbsp;&nbsp;WM_GetScrollbarV
<LI><a href="#[314]">&gt;&gt;</a>&nbsp;&nbsp;&nbsp;WM_GetScrollbarH
<LI><a href="#[1ad]">&gt;&gt;</a>&nbsp;&nbsp;&nbsp;GUI_MoveRect
<LI><a href="#[458]">&gt;&gt;</a>&nbsp;&nbsp;&nbsp;WIDGET__GetYSize
<LI><a href="#[457]">&gt;&gt;</a>&nbsp;&nbsp;&nbsp;WIDGET__GetXSize
</UL>
<BR>[Address Reference Count : 1]<UL><LI> scrollbar_skinclassic.o(i._Create)
</UL>
<P><STRONG><a name="[166]"></a>_Create</STRONG> (Thumb, 20 bytes, Stack size 8 bytes, scrollbar_skinclassic.o(i._Create))
<BR><BR>[Stack]<UL><LI>Max Depth = 8<LI>Call Chain = _Create
</UL>
<BR>[Calls]<UL><LI><a href="#[1a9]">&gt;&gt;</a>&nbsp;&nbsp;&nbsp;GUI_ALLOC_UnlockH
<LI><a href="#[1a7]">&gt;&gt;</a>&nbsp;&nbsp;&nbsp;GUI_ALLOC_LockH
</UL>
<BR>[Address Reference Count : 1]<UL><LI> scrollbar_skinclassic.o(.constdata)
</UL>
<P><STRONG><a name="[165]"></a>_Paint</STRONG> (Thumb, 372 bytes, Stack size 88 bytes, scrollbar_skinclassic.o(i._Paint))
<BR><BR>[Stack]<UL><LI>Max Depth = 308 + Unknown Stack Size
<LI>Call Chain = _Paint &rArr; WIDGET__DrawTriangle &rArr; GUI_DrawHLine &rArr; GUI_Lock &rArr; GUI_X_Lock &rArr; OSSemPend &rArr; OS_Pend &rArr; OS_TaskBlock &rArr; OS_TickListInsert
</UL>
<BR>[Calls]<UL><LI><a href="#[1d9]">&gt;&gt;</a>&nbsp;&nbsp;&nbsp;LCD_SetColor
<LI><a href="#[1a9]">&gt;&gt;</a>&nbsp;&nbsp;&nbsp;GUI_ALLOC_UnlockH
<LI><a href="#[1a7]">&gt;&gt;</a>&nbsp;&nbsp;&nbsp;GUI_ALLOC_LockH
<LI><a href="#[3f2]">&gt;&gt;</a>&nbsp;&nbsp;&nbsp;WIDGET__GetClientRect
<LI><a href="#[39b]">&gt;&gt;</a>&nbsp;&nbsp;&nbsp;WIDGET__DrawTriangle
<LI><a href="#[3ed]">&gt;&gt;</a>&nbsp;&nbsp;&nbsp;WIDGET__FillRectEx
<LI><a href="#[3ec]">&gt;&gt;</a>&nbsp;&nbsp;&nbsp;WIDGET__EFFECT_DrawUpRect
</UL>
<BR>[Address Reference Count : 1]<UL><LI> scrollbar_skinclassic.o(.constdata)
</UL>
<P><STRONG><a name="[168]"></a>_Create</STRONG> (Thumb, 2 bytes, Stack size 0 bytes, slider_skinclassic.o(i._Create))
<BR>[Address Reference Count : 1]<UL><LI> slider_skinclassic.o(.constdata)
</UL>
<P><STRONG><a name="[167]"></a>_Paint</STRONG> (Thumb, 316 bytes, Stack size 88 bytes, slider_skinclassic.o(i._Paint))
<BR><BR>[Stack]<UL><LI>Max Depth = 316 + Unknown Stack Size
<LI>Call Chain = _Paint &rArr; WIDGET__DrawVLine &rArr; GUI_DrawHLine &rArr; GUI_Lock &rArr; GUI_X_Lock &rArr; OSSemPend &rArr; OS_Pend &rArr; OS_TaskBlock &rArr; OS_TickListInsert
</UL>
<BR>[Calls]<UL><LI><a href="#[239]">&gt;&gt;</a>&nbsp;&nbsp;&nbsp;GUI_Clear
<LI><a href="#[1d9]">&gt;&gt;</a>&nbsp;&nbsp;&nbsp;LCD_SetColor
<LI><a href="#[1d8]">&gt;&gt;</a>&nbsp;&nbsp;&nbsp;LCD_SetBkColor
<LI><a href="#[1a9]">&gt;&gt;</a>&nbsp;&nbsp;&nbsp;GUI_ALLOC_UnlockH
<LI><a href="#[1a7]">&gt;&gt;</a>&nbsp;&nbsp;&nbsp;GUI_ALLOC_LockH
<LI><a href="#[40e]">&gt;&gt;</a>&nbsp;&nbsp;&nbsp;WM_GetHasTrans
<LI><a href="#[266]">&gt;&gt;</a>&nbsp;&nbsp;&nbsp;GUI__ReduceRect
<LI><a href="#[3f2]">&gt;&gt;</a>&nbsp;&nbsp;&nbsp;WIDGET__GetClientRect
<LI><a href="#[3ed]">&gt;&gt;</a>&nbsp;&nbsp;&nbsp;WIDGET__FillRectEx
<LI><a href="#[3ec]">&gt;&gt;</a>&nbsp;&nbsp;&nbsp;WIDGET__EFFECT_DrawUpRect
<LI><a href="#[3ea]">&gt;&gt;</a>&nbsp;&nbsp;&nbsp;WIDGET__EFFECT_DrawDownRect
<LI><a href="#[3e9]">&gt;&gt;</a>&nbsp;&nbsp;&nbsp;WIDGET__DrawVLine
<LI><a href="#[3e8]">&gt;&gt;</a>&nbsp;&nbsp;&nbsp;WIDGET__DrawFocusRect
</UL>
<BR>[Address Reference Count : 1]<UL><LI> slider_skinclassic.o(.constdata)
</UL>
<P><STRONG><a name="[16b]"></a>_DrawDown</STRONG> (Thumb, 16 bytes, Stack size 16 bytes, widget_effect_3d.o(i._DrawDown))
<BR><BR>[Stack]<UL><LI>Max Depth = 236 + Unknown Stack Size
<LI>Call Chain = _DrawDown &rArr; _DrawDownRect &rArr; GUI_DrawHLine &rArr; GUI_Lock &rArr; GUI_X_Lock &rArr; OSSemPend &rArr; OS_Pend &rArr; OS_TaskBlock &rArr; OS_TickListInsert
</UL>
<BR>[Calls]<UL><LI><a href="#[1b7]">&gt;&gt;</a>&nbsp;&nbsp;&nbsp;WM_GetClientRect
<LI><a href="#[16c]">&gt;&gt;</a>&nbsp;&nbsp;&nbsp;_DrawDownRect
</UL>
<BR>[Address Reference Count : 1]<UL><LI> widget_effect_3d.o(.constdata)
</UL>
<P><STRONG><a name="[16c]"></a>_DrawDownRect</STRONG> (Thumb, 144 bytes, Stack size 24 bytes, widget_effect_3d.o(i._DrawDownRect))
<BR><BR>[Stack]<UL><LI>Max Depth = 220 + Unknown Stack Size
<LI>Call Chain = _DrawDownRect &rArr; GUI_DrawHLine &rArr; GUI_Lock &rArr; GUI_X_Lock &rArr; OSSemPend &rArr; OS_Pend &rArr; OS_TaskBlock &rArr; OS_TickListInsert
</UL>
<BR>[Calls]<UL><LI><a href="#[1d9]">&gt;&gt;</a>&nbsp;&nbsp;&nbsp;LCD_SetColor
<LI><a href="#[1a4]">&gt;&gt;</a>&nbsp;&nbsp;&nbsp;GUI_DrawVLine
<LI><a href="#[1a3]">&gt;&gt;</a>&nbsp;&nbsp;&nbsp;GUI_DrawHLine
</UL>
<BR>[Called By]<UL><LI><a href="#[16b]">&gt;&gt;</a>&nbsp;&nbsp;&nbsp;_DrawDown
</UL>
<BR>[Address Reference Count : 1]<UL><LI> widget_effect_3d.o(.constdata)
</UL>
<P><STRONG><a name="[16a]"></a>_DrawUpRect</STRONG> (Thumb, 100 bytes, Stack size 24 bytes, widget_effect_3d.o(i._DrawUpRect))
<BR><BR>[Stack]<UL><LI>Max Depth = 220 + Unknown Stack Size
<LI>Call Chain = _DrawUpRect &rArr; GUI_DrawRect &rArr; GUI_Lock &rArr; GUI_X_Lock &rArr; OSSemPend &rArr; OS_Pend &rArr; OS_TaskBlock &rArr; OS_TickListInsert
</UL>
<BR>[Calls]<UL><LI><a href="#[1d9]">&gt;&gt;</a>&nbsp;&nbsp;&nbsp;LCD_SetColor
<LI><a href="#[1a4]">&gt;&gt;</a>&nbsp;&nbsp;&nbsp;GUI_DrawVLine
<LI><a href="#[1a6]">&gt;&gt;</a>&nbsp;&nbsp;&nbsp;GUI_DrawRect
<LI><a href="#[1a3]">&gt;&gt;</a>&nbsp;&nbsp;&nbsp;GUI_DrawHLine
</UL>
<BR>[Called By]<UL><LI><a href="#[169]">&gt;&gt;</a>&nbsp;&nbsp;&nbsp;WIDGET_EFFECT_3D_DrawUp
</UL>
<BR>[Address Reference Count : 1]<UL><LI> widget_effect_3d.o(.constdata)
</UL>
<P><STRONG><a name="[444]"></a>_MoveDescendents</STRONG> (Thumb, 110 bytes, Stack size 72 bytes, wm_move.o(i._MoveDescendents))
<BR><BR>[Stack]<UL><LI>Max Depth = 380 + Unknown Stack Size
 + In Cycle
<LI>Call Chain = _MoveDescendents &rArr;  _MoveDescendents (Cycle)
</UL>
<BR>[Calls]<UL><LI><a href="#[1a9]">&gt;&gt;</a>&nbsp;&nbsp;&nbsp;GUI_ALLOC_UnlockH
<LI><a href="#[1a7]">&gt;&gt;</a>&nbsp;&nbsp;&nbsp;GUI_ALLOC_LockH
<LI><a href="#[1ad]">&gt;&gt;</a>&nbsp;&nbsp;&nbsp;GUI_MoveRect
<LI><a href="#[42b]">&gt;&gt;</a>&nbsp;&nbsp;&nbsp;WM__SendMessage
<LI><a href="#[444]">&gt;&gt;</a>&nbsp;&nbsp;&nbsp;_MoveDescendents
</UL>
<BR>[Called By]<UL><LI><a href="#[42a]">&gt;&gt;</a>&nbsp;&nbsp;&nbsp;WM__MoveWindow
<LI><a href="#[444]">&gt;&gt;</a>&nbsp;&nbsp;&nbsp;_MoveDescendents
</UL>

<P><STRONG><a name="[4a4]"></a>_Screen2hWin</STRONG> (Thumb, 90 bytes, Stack size 32 bytes, wm_screen2win.o(i._Screen2hWin))
<BR><BR>[Stack]<UL><LI>Max Depth = 32 + In Cycle
<LI>Call Chain = _Screen2hWin &rArr;  _Screen2hWin (Cycle)
</UL>
<BR>[Calls]<UL><LI><a href="#[225]">&gt;&gt;</a>&nbsp;&nbsp;&nbsp;GUI_ALLOC_h2p
<LI><a href="#[1a9]">&gt;&gt;</a>&nbsp;&nbsp;&nbsp;GUI_ALLOC_UnlockH
<LI><a href="#[1a7]">&gt;&gt;</a>&nbsp;&nbsp;&nbsp;GUI_ALLOC_LockH
<LI><a href="#[4a5]">&gt;&gt;</a>&nbsp;&nbsp;&nbsp;WM__IsInWindow
<LI><a href="#[4a4]">&gt;&gt;</a>&nbsp;&nbsp;&nbsp;_Screen2hWin
</UL>
<BR>[Called By]<UL><LI><a href="#[430]">&gt;&gt;</a>&nbsp;&nbsp;&nbsp;_Screen2hWinStop
<LI><a href="#[4a4]">&gt;&gt;</a>&nbsp;&nbsp;&nbsp;_Screen2hWin
</UL>

<P><STRONG><a name="[430]"></a>_Screen2hWinStop</STRONG> (Thumb, 30 bytes, Stack size 16 bytes, wm_screen2win.o(i._Screen2hWinStop))
<BR><BR>[Stack]<UL><LI>Max Depth = 48<LI>Call Chain = _Screen2hWinStop &rArr; _Screen2hWin &rArr;  _Screen2hWin (Cycle)
</UL>
<BR>[Calls]<UL><LI><a href="#[4a6]">&gt;&gt;</a>&nbsp;&nbsp;&nbsp;WM_GetDesktopWindowEx
<LI><a href="#[4a4]">&gt;&gt;</a>&nbsp;&nbsp;&nbsp;_Screen2hWin
</UL>
<BR>[Called By]<UL><LI><a href="#[418]">&gt;&gt;</a>&nbsp;&nbsp;&nbsp;WM_Screen2hWin
</UL>

<P><STRONG><a name="[42c]"></a>WM__ReleaseCapture</STRONG> (Thumb, 36 bytes, Stack size 32 bytes, wm_setcapture.o(i.WM__ReleaseCapture))
<BR><BR>[Stack]<UL><LI>Max Depth = 340 + Unknown Stack Size
<LI>Call Chain = WM__ReleaseCapture &rArr; WM__SendMessage &rArr; WM_DefaultProc &rArr; WM_InvalidateWindow &rArr; WM_InvalidateRect &rArr; WM__InvalidateRectEx &rArr; WM__InvalidateRect &rArr;  WM__InvalidateRect (Cycle)
</UL>
<BR>[Calls]<UL><LI><a href="#[42b]">&gt;&gt;</a>&nbsp;&nbsp;&nbsp;WM__SendMessage
</UL>
<BR>[Called By]<UL><LI><a href="#[41d]">&gt;&gt;</a>&nbsp;&nbsp;&nbsp;WM_ReleaseCapture
<LI><a href="#[433]">&gt;&gt;</a>&nbsp;&nbsp;&nbsp;WM_SetCapture
</UL>

<P><STRONG><a name="[45c]"></a>_CreateBuffer</STRONG> (Thumb, 152 bytes, Stack size 24 bytes, gui_sprite.o(i._CreateBuffer))
<BR><BR>[Stack]<UL><LI>Max Depth = 260 + Unknown Stack Size
<LI>Call Chain = _CreateBuffer &rArr; GUI_ALLOC_GetMaxSize &rArr; _InitOnce &rArr; _EnlargeBlocks &rArr; GUI_ALLOC_Free &rArr; GUI_Lock &rArr; GUI_X_Lock &rArr; OSSemPend &rArr; OS_Pend &rArr; OS_TaskBlock &rArr; OS_TickListInsert
</UL>
<BR>[Calls]<UL><LI><a href="#[297]">&gt;&gt;</a>&nbsp;&nbsp;&nbsp;GUI_DEVICE__GetpDriver
<LI><a href="#[1a7]">&gt;&gt;</a>&nbsp;&nbsp;&nbsp;GUI_ALLOC_LockH
<LI><a href="#[224]">&gt;&gt;</a>&nbsp;&nbsp;&nbsp;GUI_ALLOC_GetMaxSize
<LI><a href="#[219]">&gt;&gt;</a>&nbsp;&nbsp;&nbsp;GUI_ALLOC_AllocNoInit
</UL>
<BR>[Called By]<UL><LI><a href="#[2c1]">&gt;&gt;</a>&nbsp;&nbsp;&nbsp;_SetPosition
</UL>

<P><STRONG><a name="[48a]"></a>_FlushBuffer</STRONG> (Thumb, 116 bytes, Stack size 48 bytes, gui_sprite.o(i._FlushBuffer))
<BR><BR>[Stack]<UL><LI>Max Depth = 56<LI>Call Chain = _FlushBuffer &rArr; GUI__CompactPixelIndices
</UL>
<BR>[Calls]<UL><LI><a href="#[45b]">&gt;&gt;</a>&nbsp;&nbsp;&nbsp;GUI__CompactPixelIndices
</UL>
<BR>[Called By]<UL><LI><a href="#[4a9]">&gt;&gt;</a>&nbsp;&nbsp;&nbsp;_SetSpriteBkPixel
<LI><a href="#[4a2]">&gt;&gt;</a>&nbsp;&nbsp;&nbsp;_ReleaseBuffer
</UL>

<P><STRONG><a name="[48c]"></a>_GetBkPixel</STRONG> (Thumb, 108 bytes, Stack size 32 bytes, gui_sprite.o(i._GetBkPixel))
<BR><BR>[Stack]<UL><LI>Max Depth = 48<LI>Call Chain = _GetBkPixel &rArr; GUI_GetBitmapPixelIndex &rArr; GUI_GetBitmapPixelIndexEx
</UL>
<BR>[Calls]<UL><LI><a href="#[274]">&gt;&gt;</a>&nbsp;&nbsp;&nbsp;GUI_GetBitmapPixelIndex
</UL>
<BR>[Called By]<UL><LI><a href="#[2c1]">&gt;&gt;</a>&nbsp;&nbsp;&nbsp;_SetPosition
</UL>

<P><STRONG><a name="[4a2]"></a>_ReleaseBuffer</STRONG> (Thumb, 28 bytes, Stack size 16 bytes, gui_sprite.o(i._ReleaseBuffer))
<BR><BR>[Stack]<UL><LI>Max Depth = 188 + Unknown Stack Size
<LI>Call Chain = _ReleaseBuffer &rArr; GUI_ALLOC_Free &rArr; GUI_Lock &rArr; GUI_X_Lock &rArr; OSSemPend &rArr; OS_Pend &rArr; OS_TaskBlock &rArr; OS_TickListInsert
</UL>
<BR>[Calls]<UL><LI><a href="#[1a9]">&gt;&gt;</a>&nbsp;&nbsp;&nbsp;GUI_ALLOC_UnlockH
<LI><a href="#[21d]">&gt;&gt;</a>&nbsp;&nbsp;&nbsp;GUI_ALLOC_Free
<LI><a href="#[48a]">&gt;&gt;</a>&nbsp;&nbsp;&nbsp;_FlushBuffer
</UL>
<BR>[Called By]<UL><LI><a href="#[2c1]">&gt;&gt;</a>&nbsp;&nbsp;&nbsp;_SetPosition
</UL>

<P><STRONG><a name="[2c1]"></a>_SetPosition</STRONG> (Thumb, 680 bytes, Stack size 208 bytes, gui_sprite.o(i._SetPosition))
<BR><BR>[Stack]<UL><LI>Max Depth = 468 + Unknown Stack Size
<LI>Call Chain = _SetPosition &rArr; _CreateBuffer &rArr; GUI_ALLOC_GetMaxSize &rArr; _InitOnce &rArr; _EnlargeBlocks &rArr; GUI_ALLOC_Free &rArr; GUI_Lock &rArr; GUI_X_Lock &rArr; OSSemPend &rArr; OS_Pend &rArr; OS_TaskBlock &rArr; OS_TickListInsert
</UL>
<BR>[Calls]<UL><LI><a href="#[1a9]">&gt;&gt;</a>&nbsp;&nbsp;&nbsp;GUI_ALLOC_UnlockH
<LI><a href="#[1a7]">&gt;&gt;</a>&nbsp;&nbsp;&nbsp;GUI_ALLOC_LockH
<LI><a href="#[295]">&gt;&gt;</a>&nbsp;&nbsp;&nbsp;GUI_MEMDEV_Select
<LI><a href="#[274]">&gt;&gt;</a>&nbsp;&nbsp;&nbsp;GUI_GetBitmapPixelIndex
<LI><a href="#[4a9]">&gt;&gt;</a>&nbsp;&nbsp;&nbsp;_SetSpriteBkPixel
<LI><a href="#[4a2]">&gt;&gt;</a>&nbsp;&nbsp;&nbsp;_ReleaseBuffer
<LI><a href="#[48c]">&gt;&gt;</a>&nbsp;&nbsp;&nbsp;_GetBkPixel
<LI><a href="#[45c]">&gt;&gt;</a>&nbsp;&nbsp;&nbsp;_CreateBuffer
</UL>
<BR>[Called By]<UL><LI><a href="#[238]">&gt;&gt;</a>&nbsp;&nbsp;&nbsp;GUI_SPRITE_SetPosition
</UL>

<P><STRONG><a name="[4a9]"></a>_SetSpriteBkPixel</STRONG> (Thumb, 74 bytes, Stack size 24 bytes, gui_sprite.o(i._SetSpriteBkPixel))
<BR><BR>[Stack]<UL><LI>Max Depth = 80<LI>Call Chain = _SetSpriteBkPixel &rArr; _FlushBuffer &rArr; GUI__CompactPixelIndices
</UL>
<BR>[Calls]<UL><LI><a href="#[48a]">&gt;&gt;</a>&nbsp;&nbsp;&nbsp;_FlushBuffer
</UL>
<BR>[Called By]<UL><LI><a href="#[2c1]">&gt;&gt;</a>&nbsp;&nbsp;&nbsp;_SetPosition
</UL>

<P><STRONG><a name="[4af]"></a>_printf_core</STRONG> (Thumb, 336 bytes, Stack size 88 bytes, printf1.o(i._printf_core), UNUSED)
<BR><BR>[Calls]<UL><LI><a href="#[4b1]">&gt;&gt;</a>&nbsp;&nbsp;&nbsp;__aeabi_uidivmod
</UL>
<BR>[Called By]<UL><LI><a href="#[4b0]">&gt;&gt;</a>&nbsp;&nbsp;&nbsp;__0sprintf$1
<LI><a href="#[4ae]">&gt;&gt;</a>&nbsp;&nbsp;&nbsp;__0printf$1
</UL>

<P><STRONG><a name="[da]"></a>_sputc</STRONG> (Thumb, 10 bytes, Stack size 0 bytes, printf1.o(i._sputc))
<BR><BR>[Called By]<UL><LI><a href="#[4b0]">&gt;&gt;</a>&nbsp;&nbsp;&nbsp;__0sprintf$1
</UL>
<BR>[Address Reference Count : 1]<UL><LI> printf1.o(i.__0sprintf$1)
</UL><P>
<H3>
Undefined Global Symbols
</H3><HR></body></html>
