<html>
<body>
<pre>
<h1>礦ision Build Log</h1>
<h2>Tool Versions:</h2>
IDE-Version: μVision V5.27.1.0
Copyright (C) 2019 ARM Ltd and ARM Germany GmbH. All rights reserved.
License Information: zhu he, huiding, LIC=P6F5U-SNTKZ-C2AL6-DUCUX-9QM6U-W504Y
 
Tool Versions:
Toolchain:       MDK-ARM Professional  Version: 5.35.0.2
Toolchain Path:  D:\software\Keil\Install\ARM\ARMCC\Bin
C Compiler:      Armcc.exe V5.06 update 7 (build 960)
Assembler:       Armasm.exe V5.06 update 7 (build 960)
Linker/Locator:  ArmLink.exe V5.06 update 7 (build 960)
Library Manager: ArmAr.exe V5.06 update 7 (build 960)
Hex Converter:   FromElf.exe V5.06 update 7 (build 960)
CPU DLL:         SARMCM3.DLL V5.35.0.2
Dialog DLL:      DCM.DLL V1.17.3.0
Target DLL:      CMSIS_AGDI.dll V1.33.0.0
Dialog DLL:      TCM.DLL V1.53.0.0
 
<h2>Project:</h2>
D:\fireClass\野火开源图书\[野火]《emWin应用开发实战指南》\综合例程\F103_指南者\17.UCOSIII_emWin_DEMO_DeskTop\Project\RVMDK（uv5）\iSO-STM32.uvprojx
Project File Date:  11/12/2022

<h2>Output:</h2>
*** Using Compiler 'V5.06 update 7 (build 960)', folder: 'D:\software\Keil\Install\ARM\ARMCC\Bin'
Rebuild target 'uCOS_emWin'
assembling startup_stm32f10x_hd.s...
compiling core_cm3.c...
compiling misc.c...
compiling stm32f10x_bkp.c...
compiling system_stm32f10x.c...
compiling stm32f10x_crc.c...
compiling stm32f10x_cec.c...
compiling stm32f10x_adc.c...
compiling stm32f10x_can.c...
compiling stm32f10x_dbgmcu.c...
compiling stm32f10x_exti.c...
compiling stm32f10x_dma.c...
compiling stm32f10x_dac.c...
compiling stm32f10x_gpio.c...
compiling stm32f10x_fsmc.c...
compiling stm32f10x_flash.c...
compiling stm32f10x_rtc.c...
compiling stm32f10x_iwdg.c...
compiling stm32f10x_pwr.c...
compiling stm32f10x_spi.c...
compiling stm32f10x_i2c.c...
compiling stm32f10x_sdio.c...
compiling stm32f10x_rcc.c...
assembling cpu_a.asm...
compiling cpu_c.c...
compiling cpu_core.c...
assembling lib_mem_a.asm...
compiling lib_ascii.c...
compiling lib_math.c...
compiling lib_mem.c...
compiling stm32f10x_wwdg.c...
compiling stm32f10x_usart.c...
compiling lib_str.c...
compiling os_dbg.c...
compiling stm32f10x_tim.c...
compiling os_cfg_app.c...
compiling os_core.c...
compiling os_flag.c...
compiling os_int.c...
compiling os_mem.c...
compiling os_msg.c...
compiling os_mutex.c...
compiling os_pend_multi.c...
compiling os_prio.c...
compiling os_sem.c...
compiling os_q.c...
compiling os_stat.c...
compiling os_task.c...
compiling os_tick.c...
compiling os_time.c...
compiling os_var.c...
compiling os_tmr.c...
assembling os_cpu_a.s...
compiling os_cpu_c.c...
compiling stm32f10x_it.c...
compiling main.c...
compiling bsp_led.c...
compiling bsp_usart1.c...
compiling bsp_xpt2046_lcd.c...
compiling bsp_ili9341_lcd.c...
compiling os_app_hooks.c...
compiling appicon.c...
compiling beep.c...
compiling key.c...
compiling fatfs_flash_spi.c...
compiling GUIConf.c...
compiling bsp.c...
compiling GUI_X_Touch_Analog.c...
compiling diskio.c...
compiling LCDConf_FlexColor_Template.c...
compiling app.c...
compiling TouchPad.c...
compiling firecc936.c...
compiling ff.c...
compiling Touch_CalibrationApp.c...
..\..\User\app\Touch_CalibrationApp.c(192): warning:  #111-D: statement is unreachable
    _WaitForPressedState(0);
..\..\User\app\Touch_CalibrationApp.c: 1 warning, 0 errors
compiling GUI_X_uCOS.c...
linking...
Program Size: Code=103232 RO-data=96916 RW-data=2292 ZI-data=56412  
FromELF: creating hex file...
"..\..\Output\流水灯.axf" - 0 Error(s), 1 Warning(s).

<h2>Software Packages used:</h2>

Package Vendor: ARM
                http://www.keil.com/pack/ARM.CMSIS.5.8.0.pack
                ARM.CMSIS.5.8.0
                CMSIS (Common Microcontroller Software Interface Standard)
   * Component: CORE Version: 5.5.0

Package Vendor: Keil
                http://www.keil.com/pack/Keil.STM32F1xx_DFP.2.3.0.pack
                Keil.STM32F1xx_DFP.2.3.0
                STMicroelectronics STM32F1 Series Device Support, Drivers and Examples

<h2>Collection of Component include folders:</h2>
  .\RTE\_uCOS_emWin
  C:\Users\ZhuHe\AppData\Local\Arm\Packs\ARM\CMSIS\5.8.0\CMSIS\Core\Include
  C:\Users\ZhuHe\AppData\Local\Arm\Packs\Keil\STM32F1xx_DFP\2.3.0\Device\Include

<h2>Collection of Component Files used:</h2>

   * Component: ARM::CMSIS:CORE:5.5.0
Build Time Elapsed:  00:00:09
</pre>
</body>
</html>
